**********************
Windows PowerShell transcript start
Start time: 20260721231719
Username: MX-WS01\Myron
RunAs User: MX-WS01\Myron
Configuration Name: 
Machine: MX-WS01 (Microsoft Windows NT 10.0.26200.0)
Host Application: C:\WINDOWS\System32\WindowsPowerShell\v1.0\powershell.exe -NoLogo -NoProfile -ExecutionPolicy Bypass -File E:\Downloads\Aegis\Aegis-Palworld-Suite-2.2.0-UI-and-Descriptions\Aegis-Palworld-Suite-2.2.0-UI-and-Descriptions\Engine\Update-PaldeckDatabase.ps1
Process ID: 37048
PSVersion: 5.1.26100.8875
PSEdition: Desktop
PSCompatibleVersions: 1.0, 2.0, 3.0, 4.0, 5.0, 5.1.26100.8875
BuildVersion: 10.0.26100.8875
CLRVersion: 4.0.30319.42000
WSManStackVersion: 3.0
PSRemotingProtocolVersion: 2.3
SerializationVersion: 1.1.0.1
**********************

Aegis Palworld Suite 2.0 Database Engine
Building a verified Paldeck-only database...
Using browser: C:\Program Files\Google\Chrome\Application\chrome.exe
Discovering all Paldeck item pages...
Discovered 516 unique item pages.
Opening each page and reading its actual Asset Name...
Verified 25 of 516 Paldeck item pages...
Verified 50 of 516 Paldeck item pages...
Verified 75 of 516 Paldeck item pages...
Verified 100 of 516 Paldeck item pages...
Verified 125 of 516 Paldeck item pages...
Verified 150 of 516 Paldeck item pages...
Verified 175 of 516 Paldeck item pages...
Verified 200 of 516 Paldeck item pages...
Verified 225 of 516 Paldeck item pages...
Verified 250 of 516 Paldeck item pages...
Verified 275 of 516 Paldeck item pages...
Verified 300 of 516 Paldeck item pages...
Verified 325 of 516 Paldeck item pages...
Verified 350 of 516 Paldeck item pages...
Verified 375 of 516 Paldeck item pages...
Verified 400 of 516 Paldeck item pages...
Verified 425 of 516 Paldeck item pages...
Verified 450 of 516 Paldeck item pages...
Verified 475 of 516 Paldeck item pages...
Verified 500 of 516 Paldeck item pages...
Verified 516 of 516 Paldeck item pages...
Parsed 516 candidate records.
Downloading and validating item icons...
PS>TerminatingError(Invoke-WebRequest): "The remote server returned an error: (404) Not Found."
PS>TerminatingError(Invoke-WebRequest): "The remote server returned an error: (404) Not Found."
PS>TerminatingError(Invoke-WebRequest): "The remote server returned an error: (404) Not Found."
PS>TerminatingError(Invoke-WebRequest): "The remote server returned an error: (404) Not Found."
PS>TerminatingError(Invoke-WebRequest): "The remote server returned an error: (404) Not Found."
PS>TerminatingError(Invoke-WebRequest): "The remote server returned an error: (404) Not Found."
PS>TerminatingError(Invoke-WebRequest): "The remote server returned an error: (404) Not Found."
PS>TerminatingError(Invoke-WebRequest): "The remote server returned an error: (404) Not Found."
PS>TerminatingError(Invoke-WebRequest): "The remote server returned an error: (404) Not Found."
PS>TerminatingError(Invoke-WebRequest): "The remote server returned an error: (404) Not Found."
Cached icons for 25 of 516 records...
PS>TerminatingError(Invoke-WebRequest): "The remote server returned an error: (404) Not Found."
PS>TerminatingError(Invoke-WebRequest): "The remote server returned an error: (404) Not Found."
PS>TerminatingError(Invoke-WebRequest): "The remote server returned an error: (404) Not Found."
PS>TerminatingError(Invoke-WebRequest): "The remote server returned an error: (404) Not Found."
PS>TerminatingError(Invoke-WebRequest): "The remote server returned an error: (404) Not Found."
PS>TerminatingError(Invoke-WebRequest): "The remote server returned an error: (404) Not Found."
PS>TerminatingError(Invoke-WebRequest): "The remote server returned an error: (404) Not Found."
PS>TerminatingError(Invoke-WebRequest): "The remote server returned an error: (404) Not Found."
PS>TerminatingError(Invoke-WebRequest): "The remote server returned an error: (404) Not Found."
PS>TerminatingError(Invoke-WebRequest): "The remote server returned an error: (404) Not Found."
PS>TerminatingError(Invoke-WebRequest): "The remote server returned an error: (404) Not Found."
PS>TerminatingError(Invoke-WebRequest): "The remote server returned an error: (404) Not Found."
PS>TerminatingError(Invoke-WebRequest): "The remote server returned an error: (404) Not Found."
PS>TerminatingError(Invoke-WebRequest): "The remote server returned an error: (404) Not Found."
PS>TerminatingError(Invoke-WebRequest): "The remote server returned an error: (404) Not Found."
PS>TerminatingError(Invoke-WebRequest): "The remote server returned an error: (404) Not Found."
PS>TerminatingError(Invoke-WebRequest): "The remote server returned an error: (404) Not Found."
PS>TerminatingError(Invoke-WebRequest): "The remote server returned an error: (404) Not Found."
PS>TerminatingError(Invoke-WebRequest): "The remote server returned an error: (404) Not Found."
PS>TerminatingError(Invoke-WebRequest): "The remote server returned an error: (404) Not Found."
PS>TerminatingError(Invoke-WebRequest): "The remote server returned an error: (404) Not Found."
PS>TerminatingError(Invoke-WebRequest): "The remote server returned an error: (404) Not Found."
PS>TerminatingError(Invoke-WebRequest): "The remote server returned an error: (404) Not Found."
PS>TerminatingError(Invoke-WebRequest): "The remote server returned an error: (404) Not Found."
PS>TerminatingError(Invoke-WebRequest): "The remote server returned an error: (404) Not Found."
PS>TerminatingError(Invoke-WebRequest): "The remote server returned an error: (404) Not Found."
PS>TerminatingError(Invoke-WebRequest): "The remote server returned an error: (404) Not Found."
PS>TerminatingError(Invoke-WebRequest): "The remote server returned an error: (404) Not Found."
PS>TerminatingError(Invoke-WebRequest): "The remote server returned an error: (404) Not Found."
PS>TerminatingError(Invoke-WebRequest): "The remote server returned an error: (404) Not Found."
PS>TerminatingError(Invoke-WebRequest): "The remote server returned an error: (404) Not Found."
PS>TerminatingError(Invoke-WebRequest): "The remote server returned an error: (404) Not Found."
PS>TerminatingError(Invoke-WebRequest): "The remote server returned an error: (404) Not Found."
PS>TerminatingError(Invoke-WebRequest): "The remote server returned an error: (404) Not Found."
Cached icons for 50 of 516 records...
PS>TerminatingError(Invoke-WebRequest): "The remote server returned an error: (404) Not Found."
PS>TerminatingError(Invoke-WebRequest): "The remote server returned an error: (404) Not Found."
PS>TerminatingError(Invoke-WebRequest): "The remote server returned an error: (404) Not Found."
PS>TerminatingError(Invoke-WebRequest): "The remote server returned an error: (404) Not Found."
PS>TerminatingError(Invoke-WebRequest): "The remote server returned an error: (404) Not Found."
PS>TerminatingError(Invoke-WebRequest): "The remote server returned an error: (404) Not Found."
PS>TerminatingError(Invoke-WebRequest): "The remote server returned an error: (404) Not Found."
PS>TerminatingError(Invoke-WebRequest): "The remote server returned an error: (404) Not Found."
PS>TerminatingError(Invoke-WebRequest): "The remote server returned an error: (404) Not Found."
PS>TerminatingError(Invoke-WebRequest): "The remote server returned an error: (404) Not Found."
PS>TerminatingError(Invoke-WebRequest): "The remote server returned an error: (404) Not Found."
PS>TerminatingError(Invoke-WebRequest): "The remote server returned an error: (404) Not Found."
PS>TerminatingError(Invoke-WebRequest): "The remote server returned an error: (404) Not Found."
PS>TerminatingError(Invoke-WebRequest): "The remote server returned an error: (404) Not Found."
PS>TerminatingError(Invoke-WebRequest): "The remote server returned an error: (404) Not Found."
PS>TerminatingError(Invoke-WebRequest): "The remote server returned an error: (404) Not Found."
PS>TerminatingError(Invoke-WebRequest): "The remote server returned an error: (404) Not Found."
PS>TerminatingError(Invoke-WebRequest): "The remote server returned an error: (404) Not Found."
PS>TerminatingError(Invoke-WebRequest): "The remote server returned an error: (404) Not Found."
PS>TerminatingError(Invoke-WebRequest): "The remote server returned an error: (404) Not Found."
PS>TerminatingError(Invoke-WebRequest): "The remote server returned an error: (404) Not Found."
PS>TerminatingError(Invoke-WebRequest): "The remote server returned an error: (404) Not Found."
PS>TerminatingError(Invoke-WebRequest): "The remote server returned an error: (404) Not Found."
PS>TerminatingError(Invoke-WebRequest): "The remote server returned an error: (404) Not Found."
PS>TerminatingError(Invoke-WebRequest): "The remote server returned an error: (404) Not Found."
PS>TerminatingError(Invoke-WebRequest): "The remote server returned an error: (404) Not Found."
PS>TerminatingError(Invoke-WebRequest): "The remote server returned an error: (404) Not Found."
PS>TerminatingError(Invoke-WebRequest): "The remote server returned an error: (404) Not Found."
PS>TerminatingError(Invoke-WebRequest): "The remote server returned an error: (404) Not Found."
PS>TerminatingError(Invoke-WebRequest): "The remote server returned an error: (404) Not Found."
PS>TerminatingError(Invoke-WebRequest): "The remote server returned an error: (404) Not Found."
PS>TerminatingError(Invoke-WebRequest): "The remote server returned an error: (404) Not Found."
PS>TerminatingError(Invoke-WebRequest): "The remote server returned an error: (404) Not Found."
PS>TerminatingError(Invoke-WebRequest): "The remote server returned an error: (404) Not Found."
PS>TerminatingError(Invoke-WebRequest): "The remote server returned an error: (404) Not Found."
PS>TerminatingError(Invoke-WebRequest): "The remote server returned an error: (404) Not Found."
PS>TerminatingError(Invoke-WebRequest): "The remote server returned an error: (404) Not Found."
PS>TerminatingError(Invoke-WebRequest): "The remote server returned an error: (404) Not Found."
PS>TerminatingError(Invoke-WebRequest): "The remote server returned an error: (404) Not Found."
PS>TerminatingError(Invoke-WebRequest): "The remote server returned an error: (404) Not Found."
PS>TerminatingError(Invoke-WebRequest): "The remote server returned an error: (404) Not Found."
PS>TerminatingError(Invoke-WebRequest): "The remote server returned an error: (404) Not Found."
PS>TerminatingError(Invoke-WebRequest): "The remote server returned an error: (404) Not Found."
PS>TerminatingError(Invoke-WebRequest): "The remote server returned an error: (404) Not Found."
PS>TerminatingError(Invoke-WebRequest): "The remote server returned an error: (404) Not Found."
PS>TerminatingError(Invoke-WebRequest): "The remote server returned an error: (404) Not Found."
PS>TerminatingError(Invoke-WebRequest): "The remote server returned an error: (404) Not Found."
PS>TerminatingError(Invoke-WebRequest): "The remote server returned an error: (404) Not Found."
PS>TerminatingError(Invoke-WebRequest): "The remote server returned an error: (404) Not Found."
PS>TerminatingError(Invoke-WebRequest): "The remote server returned an error: (404) Not Found."
Cached icons for 75 of 516 records...
PS>TerminatingError(Invoke-WebRequest): "The remote server returned an error: (404) Not Found."
PS>TerminatingError(Invoke-WebRequest): "The remote server returned an error: (404) Not Found."
PS>TerminatingError(Invoke-WebRequest): "The remote server returned an error: (404) Not Found."
PS>TerminatingError(Invoke-WebRequest): "The remote server returned an error: (404) Not Found."
PS>TerminatingError(Invoke-WebRequest): "The remote server returned an error: (404) Not Found."
PS>TerminatingError(Invoke-WebRequest): "The remote server returned an error: (404) Not Found."
PS>TerminatingError(Invoke-WebRequest): "The remote server returned an error: (404) Not Found."
PS>TerminatingError(Invoke-WebRequest): "The remote server returned an error: (404) Not Found."
PS>TerminatingError(Invoke-WebRequest): "The remote server returned an error: (404) Not Found."
PS>TerminatingError(Invoke-WebRequest): "The remote server returned an error: (404) Not Found."
PS>TerminatingError(Invoke-WebRequest): "The remote server returned an error: (404) Not Found."
PS>TerminatingError(Invoke-WebRequest): "The remote server returned an error: (404) Not Found."
PS>TerminatingError(Invoke-WebRequest): "The remote server returned an error: (404) Not Found."
PS>TerminatingError(Invoke-WebRequest): "The remote server returned an error: (404) Not Found."
PS>TerminatingError(Invoke-WebRequest): "The remote server returned an error: (404) Not Found."
PS>TerminatingError(Invoke-WebRequest): "The remote server returned an error: (404) Not Found."
PS>TerminatingError(Invoke-WebRequest): "The remote server returned an error: (404) Not Found."
PS>TerminatingError(Invoke-WebRequest): "The remote server returned an error: (404) Not Found."
PS>TerminatingError(Invoke-WebRequest): "The remote server returned an error: (404) Not Found."
PS>TerminatingError(Invoke-WebRequest): "The remote server returned an error: (404) Not Found."
PS>TerminatingError(Invoke-WebRequest): "The remote server returned an error: (404) Not Found."
PS>TerminatingError(Invoke-WebRequest): "The remote server returned an error: (404) Not Found."
PS>TerminatingError(Invoke-WebRequest): "The remote server returned an error: (404) Not Found."
PS>TerminatingError(Invoke-WebRequest): "The remote server returned an error: (404) Not Found."
PS>TerminatingError(Invoke-WebRequest): "The remote server returned an error: (404) Not Found."
PS>TerminatingError(Invoke-WebRequest): "The remote server returned an error: (404) Not Found."
PS>TerminatingError(Invoke-WebRequest): "The remote server returned an error: (404) Not Found."
PS>TerminatingError(Invoke-WebRequest): "The remote server returned an error: (404) Not Found."
PS>TerminatingError(Invoke-WebRequest): "The remote server returned an error: (404) Not Found."
PS>TerminatingError(Invoke-WebRequest): "The remote server returned an error: (404) Not Found."
PS>TerminatingError(Invoke-WebRequest): "The remote server returned an error: (404) Not Found."
PS>TerminatingError(Invoke-WebRequest): "The remote server returned an error: (404) Not Found."
PS>TerminatingError(Invoke-WebRequest): "The remote server returned an error: (404) Not Found."
PS>TerminatingError(Invoke-WebRequest): "The remote server returned an error: (404) Not Found."
PS>TerminatingError(Invoke-WebRequest): "The remote server returned an error: (404) Not Found."
PS>TerminatingError(Invoke-WebRequest): "The remote server returned an error: (404) Not Found."
PS>TerminatingError(Invoke-WebRequest): "The remote server returned an error: (404) Not Found."
PS>TerminatingError(Invoke-WebRequest): "The remote server returned an error: (404) Not Found."
PS>TerminatingError(Invoke-WebRequest): "The remote server returned an error: (404) Not Found."
PS>TerminatingError(Invoke-WebRequest): "The remote server returned an error: (404) Not Found."
PS>TerminatingError(Invoke-WebRequest): "The remote server returned an error: (404) Not Found."
PS>TerminatingError(Invoke-WebRequest): "The remote server returned an error: (404) Not Found."
PS>TerminatingError(Invoke-WebRequest): "The remote server returned an error: (404) Not Found."
PS>TerminatingError(Invoke-WebRequest): "The remote server returned an error: (404) Not Found."
PS>TerminatingError(Invoke-WebRequest): "The remote server returned an error: (404) Not Found."
PS>TerminatingError(Invoke-WebRequest): "The remote server returned an error: (404) Not Found."
PS>TerminatingError(Invoke-WebRequest): "The remote server returned an error: (404) Not Found."
PS>TerminatingError(Invoke-WebRequest): "The remote server returned an error: (404) Not Found."
PS>TerminatingError(Invoke-WebRequest): "The remote server returned an error: (404) Not Found."
PS>TerminatingError(Invoke-WebRequest): "The remote server returned an error: (404) Not Found."
Cached icons for 100 of 516 records...
PS>TerminatingError(Invoke-WebRequest): "The remote server returned an error: (404) Not Found."
PS>TerminatingError(Invoke-WebRequest): "The remote server returned an error: (404) Not Found."
PS>TerminatingError(Invoke-WebRequest): "The remote server returned an error: (404) Not Found."
PS>TerminatingError(Invoke-WebRequest): "The remote server returned an error: (404) Not Found."
PS>TerminatingError(Invoke-WebRequest): "The remote server returned an error: (404) Not Found."
PS>TerminatingError(Invoke-WebRequest): "The remote server returned an error: (404) Not Found."
PS>TerminatingError(Invoke-WebRequest): "The remote server returned an error: (404) Not Found."
PS>TerminatingError(Invoke-WebRequest): "The remote server returned an error: (404) Not Found."
PS>TerminatingError(Invoke-WebRequest): "The remote server returned an error: (404) Not Found."
PS>TerminatingError(Invoke-WebRequest): "The remote server returned an error: (404) Not Found."
PS>TerminatingError(Invoke-WebRequest): "The remote server returned an error: (404) Not Found."
PS>TerminatingError(Invoke-WebRequest): "The remote server returned an error: (404) Not Found."
PS>TerminatingError(Invoke-WebRequest): "The remote server returned an error: (404) Not Found."
PS>TerminatingError(Invoke-WebRequest): "The remote server returned an error: (404) Not Found."
PS>TerminatingError(Invoke-WebRequest): "The remote server returned an error: (404) Not Found."
PS>TerminatingError(Invoke-WebRequest): "The remote server returned an error: (404) Not Found."
PS>TerminatingError(Invoke-WebRequest): "The remote server returned an error: (404) Not Found."
PS>TerminatingError(Invoke-WebRequest): "The remote server returned an error: (404) Not Found."
PS>TerminatingError(Invoke-WebRequest): "The remote server returned an error: (404) Not Found."
PS>TerminatingError(Invoke-WebRequest): "The remote server returned an error: (404) Not Found."
PS>TerminatingError(Invoke-WebRequest): "The remote server returned an error: (404) Not Found."
PS>TerminatingError(Invoke-WebRequest): "The remote server returned an error: (404) Not Found."
PS>TerminatingError(Invoke-WebRequest): "The remote server returned an error: (404) Not Found."
PS>TerminatingError(Invoke-WebRequest): "The remote server returned an error: (404) Not Found."
PS>TerminatingError(Invoke-WebRequest): "The remote server returned an error: (404) Not Found."
PS>TerminatingError(Invoke-WebRequest): "The remote server returned an error: (404) Not Found."
PS>TerminatingError(Invoke-WebRequest): "The remote server returned an error: (404) Not Found."
PS>TerminatingError(Invoke-WebRequest): "The remote server returned an error: (404) Not Found."
PS>TerminatingError(Invoke-WebRequest): "The remote server returned an error: (404) Not Found."
PS>TerminatingError(Invoke-WebRequest): "The remote server returned an error: (404) Not Found."
PS>TerminatingError(Invoke-WebRequest): "The remote server returned an error: (404) Not Found."
PS>TerminatingError(Invoke-WebRequest): "The remote server returned an error: (404) Not Found."
PS>TerminatingError(Invoke-WebRequest): "The remote server returned an error: (404) Not Found."
PS>TerminatingError(Invoke-WebRequest): "The remote server returned an error: (404) Not Found."
PS>TerminatingError(Invoke-WebRequest): "The remote server returned an error: (404) Not Found."
PS>TerminatingError(Invoke-WebRequest): "The remote server returned an error: (404) Not Found."
PS>TerminatingError(Invoke-WebRequest): "The remote server returned an error: (404) Not Found."
PS>TerminatingError(Invoke-WebRequest): "The remote server returned an error: (404) Not Found."
PS>TerminatingError(Invoke-WebRequest): "The remote server returned an error: (404) Not Found."
PS>TerminatingError(Invoke-WebRequest): "The remote server returned an error: (404) Not Found."
PS>TerminatingError(Invoke-WebRequest): "The remote server returned an error: (404) Not Found."
PS>TerminatingError(Invoke-WebRequest): "The remote server returned an error: (404) Not Found."
PS>TerminatingError(Invoke-WebRequest): "The remote server returned an error: (404) Not Found."
PS>TerminatingError(Invoke-WebRequest): "The remote server returned an error: (404) Not Found."
PS>TerminatingError(Invoke-WebRequest): "The remote server returned an error: (404) Not Found."
PS>TerminatingError(Invoke-WebRequest): "The remote server returned an error: (404) Not Found."
PS>TerminatingError(Invoke-WebRequest): "The remote server returned an error: (404) Not Found."
PS>TerminatingError(Invoke-WebRequest): "The remote server returned an error: (404) Not Found."
PS>TerminatingError(Invoke-WebRequest): "The remote server returned an error: (404) Not Found."
PS>TerminatingError(Invoke-WebRequest): "The remote server returned an error: (404) Not Found."
Cached icons for 125 of 516 records...
PS>TerminatingError(Invoke-WebRequest): "The remote server returned an error: (404) Not Found."
PS>TerminatingError(Invoke-WebRequest): "The remote server returned an error: (404) Not Found."
PS>TerminatingError(Invoke-WebRequest): "The remote server returned an error: (404) Not Found."
PS>TerminatingError(Invoke-WebRequest): "The remote server returned an error: (404) Not Found."
PS>TerminatingError(Invoke-WebRequest): "The remote server returned an error: (404) Not Found."
PS>TerminatingError(Invoke-WebRequest): "The remote server returned an error: (404) Not Found."
PS>TerminatingError(Invoke-WebRequest): "The remote server returned an error: (404) Not Found."
PS>TerminatingError(Invoke-WebRequest): "The remote server returned an error: (404) Not Found."
PS>TerminatingError(Invoke-WebRequest): "The remote server returned an error: (404) Not Found."
PS>TerminatingError(Invoke-WebRequest): "The remote server returned an error: (404) Not Found."
PS>TerminatingError(Invoke-WebRequest): "The remote server returned an error: (404) Not Found."
PS>TerminatingError(Invoke-WebRequest): "The remote server returned an error: (404) Not Found."
PS>TerminatingError(Invoke-WebRequest): "The remote server returned an error: (404) Not Found."
PS>TerminatingError(Invoke-WebRequest): "The remote server returned an error: (404) Not Found."
PS>TerminatingError(Invoke-WebRequest): "The remote server returned an error: (404) Not Found."
PS>TerminatingError(Invoke-WebRequest): "The remote server returned an error: (404) Not Found."
PS>TerminatingError(Invoke-WebRequest): "The remote server returned an error: (404) Not Found."
PS>TerminatingError(Invoke-WebRequest): "The remote server returned an error: (404) Not Found."
PS>TerminatingError(Invoke-WebRequest): "The remote server returned an error: (404) Not Found."
PS>TerminatingError(Invoke-WebRequest): "The remote server returned an error: (404) Not Found."
PS>TerminatingError(Invoke-WebRequest): "The remote server returned an error: (404) Not Found."
PS>TerminatingError(Invoke-WebRequest): "The remote server returned an error: (404) Not Found."
PS>TerminatingError(Invoke-WebRequest): "The remote server returned an error: (404) Not Found."
PS>TerminatingError(Invoke-WebRequest): "The remote server returned an error: (404) Not Found."
PS>TerminatingError(Invoke-WebRequest): "The remote server returned an error: (404) Not Found."
PS>TerminatingError(Invoke-WebRequest): "The remote server returned an error: (404) Not Found."
PS>TerminatingError(Invoke-WebRequest): "The remote server returned an error: (404) Not Found."
PS>TerminatingError(Invoke-WebRequest): "The remote server returned an error: (404) Not Found."
PS>TerminatingError(Invoke-WebRequest): "The remote server returned an error: (404) Not Found."
PS>TerminatingError(Invoke-WebRequest): "The remote server returned an error: (404) Not Found."
PS>TerminatingError(Invoke-WebRequest): "The remote server returned an error: (404) Not Found."
PS>TerminatingError(Invoke-WebRequest): "The remote server returned an error: (404) Not Found."
PS>TerminatingError(Invoke-WebRequest): "The remote server returned an error: (404) Not Found."
PS>TerminatingError(Invoke-WebRequest): "The remote server returned an error: (404) Not Found."
PS>TerminatingError(Invoke-WebRequest): "The remote server returned an error: (404) Not Found."
PS>TerminatingError(Invoke-WebRequest): "The remote server returned an error: (404) Not Found."
PS>TerminatingError(Invoke-WebRequest): "The remote server returned an error: (404) Not Found."
PS>TerminatingError(Invoke-WebRequest): "The remote server returned an error: (404) Not Found."
PS>TerminatingError(Invoke-WebRequest): "The remote server returned an error: (404) Not Found."
PS>TerminatingError(Invoke-WebRequest): "The remote server returned an error: (404) Not Found."
PS>TerminatingError(Invoke-WebRequest): "The remote server returned an error: (404) Not Found."
PS>TerminatingError(Invoke-WebRequest): "The remote server returned an error: (404) Not Found."
PS>TerminatingError(Invoke-WebRequest): "The remote server returned an error: (404) Not Found."
PS>TerminatingError(Invoke-WebRequest): "The remote server returned an error: (404) Not Found."
PS>TerminatingError(Invoke-WebRequest): "The remote server returned an error: (404) Not Found."
PS>TerminatingError(Invoke-WebRequest): "The remote server returned an error: (404) Not Found."
PS>TerminatingError(Invoke-WebRequest): "The remote server returned an error: (404) Not Found."
PS>TerminatingError(Invoke-WebRequest): "The remote server returned an error: (404) Not Found."
PS>TerminatingError(Invoke-WebRequest): "The remote server returned an error: (404) Not Found."
PS>TerminatingError(Invoke-WebRequest): "The remote server returned an error: (404) Not Found."
Cached icons for 150 of 516 records...
PS>TerminatingError(Invoke-WebRequest): "The remote server returned an error: (404) Not Found."
PS>TerminatingError(Invoke-WebRequest): "The remote server returned an error: (404) Not Found."
PS>TerminatingError(Invoke-WebRequest): "The remote server returned an error: (404) Not Found."
PS>TerminatingError(Invoke-WebRequest): "The remote server returned an error: (404) Not Found."
PS>TerminatingError(Invoke-WebRequest): "The remote server returned an error: (404) Not Found."
PS>TerminatingError(Invoke-WebRequest): "The remote server returned an error: (404) Not Found."
PS>TerminatingError(Invoke-WebRequest): "The remote server returned an error: (404) Not Found."
PS>TerminatingError(Invoke-WebRequest): "The remote server returned an error: (404) Not Found."
PS>TerminatingError(Invoke-WebRequest): "The remote server returned an error: (404) Not Found."
PS>TerminatingError(Invoke-WebRequest): "The remote server returned an error: (404) Not Found."
PS>TerminatingError(Invoke-WebRequest): "The remote server returned an error: (404) Not Found."
PS>TerminatingError(Invoke-WebRequest): "The remote server returned an error: (404) Not Found."
PS>TerminatingError(Invoke-WebRequest): "The remote server returned an error: (404) Not Found."
PS>TerminatingError(Invoke-WebRequest): "The remote server returned an error: (404) Not Found."
PS>TerminatingError(Invoke-WebRequest): "The remote server returned an error: (404) Not Found."
PS>TerminatingError(Invoke-WebRequest): "The remote server returned an error: (404) Not Found."
PS>TerminatingError(Invoke-WebRequest): "The remote server returned an error: (404) Not Found."
PS>TerminatingError(Invoke-WebRequest): "The remote server returned an error: (404) Not Found."
PS>TerminatingError(Invoke-WebRequest): "The remote server returned an error: (404) Not Found."
PS>TerminatingError(Invoke-WebRequest): "The remote server returned an error: (404) Not Found."
PS>TerminatingError(Invoke-WebRequest): "The remote server returned an error: (404) Not Found."
PS>TerminatingError(Invoke-WebRequest): "The remote server returned an error: (404) Not Found."
PS>TerminatingError(Invoke-WebRequest): "The remote server returned an error: (404) Not Found."
PS>TerminatingError(Invoke-WebRequest): "The remote server returned an error: (404) Not Found."
PS>TerminatingError(Invoke-WebRequest): "The remote server returned an error: (404) Not Found."
PS>TerminatingError(Invoke-WebRequest): "The remote server returned an error: (404) Not Found."
PS>TerminatingError(Invoke-WebRequest): "The remote server returned an error: (404) Not Found."
PS>TerminatingError(Invoke-WebRequest): "The remote server returned an error: (404) Not Found."
PS>TerminatingError(Invoke-WebRequest): "The remote server returned an error: (404) Not Found."
PS>TerminatingError(Invoke-WebRequest): "The remote server returned an error: (404) Not Found."
PS>TerminatingError(Invoke-WebRequest): "The remote server returned an error: (404) Not Found."
PS>TerminatingError(Invoke-WebRequest): "The remote server returned an error: (404) Not Found."
PS>TerminatingError(Invoke-WebRequest): "The remote server returned an error: (404) Not Found."
PS>TerminatingError(Invoke-WebRequest): "The remote server returned an error: (404) Not Found."
PS>TerminatingError(Invoke-WebRequest): "The remote server returned an error: (404) Not Found."
PS>TerminatingError(Invoke-WebRequest): "The remote server returned an error: (404) Not Found."
PS>TerminatingError(Invoke-WebRequest): "The remote server returned an error: (404) Not Found."
PS>TerminatingError(Invoke-WebRequest): "The remote server returned an error: (404) Not Found."
PS>TerminatingError(Invoke-WebRequest): "The remote server returned an error: (404) Not Found."
PS>TerminatingError(Invoke-WebRequest): "The remote server returned an error: (404) Not Found."
PS>TerminatingError(Invoke-WebRequest): "The remote server returned an error: (404) Not Found."
PS>TerminatingError(Invoke-WebRequest): "The remote server returned an error: (404) Not Found."
PS>TerminatingError(Invoke-WebRequest): "The remote server returned an error: (404) Not Found."
PS>TerminatingError(Invoke-WebRequest): "The remote server returned an error: (404) Not Found."
PS>TerminatingError(Invoke-WebRequest): "The remote server returned an error: (404) Not Found."
PS>TerminatingError(Invoke-WebRequest): "The remote server returned an error: (404) Not Found."
PS>TerminatingError(Invoke-WebRequest): "The remote server returned an error: (404) Not Found."
PS>TerminatingError(Invoke-WebRequest): "The remote server returned an error: (404) Not Found."
PS>TerminatingError(Invoke-WebRequest): "The remote server returned an error: (404) Not Found."
PS>TerminatingError(Invoke-WebRequest): "The remote server returned an error: (404) Not Found."
Cached icons for 175 of 516 records...
PS>TerminatingError(Invoke-WebRequest): "The remote server returned an error: (404) Not Found."
PS>TerminatingError(Invoke-WebRequest): "The remote server returned an error: (404) Not Found."
PS>TerminatingError(Invoke-WebRequest): "The remote server returned an error: (404) Not Found."
PS>TerminatingError(Invoke-WebRequest): "The remote server returned an error: (404) Not Found."
PS>TerminatingError(Invoke-WebRequest): "The remote server returned an error: (404) Not Found."
PS>TerminatingError(Invoke-WebRequest): "The remote server returned an error: (404) Not Found."
PS>TerminatingError(Invoke-WebRequest): "The remote server returned an error: (404) Not Found."
PS>TerminatingError(Invoke-WebRequest): "The remote server returned an error: (404) Not Found."
PS>TerminatingError(Invoke-WebRequest): "The remote server returned an error: (404) Not Found."
PS>TerminatingError(Invoke-WebRequest): "The remote server returned an error: (404) Not Found."
PS>TerminatingError(Invoke-WebRequest): "The remote server returned an error: (404) Not Found."
PS>TerminatingError(Invoke-WebRequest): "The remote server returned an error: (404) Not Found."
PS>TerminatingError(Invoke-WebRequest): "The remote server returned an error: (404) Not Found."
PS>TerminatingError(Invoke-WebRequest): "The remote server returned an error: (404) Not Found."
PS>TerminatingError(Invoke-WebRequest): "The remote server returned an error: (404) Not Found."
PS>TerminatingError(Invoke-WebRequest): "The remote server returned an error: (404) Not Found."
PS>TerminatingError(Invoke-WebRequest): "The remote server returned an error: (404) Not Found."
PS>TerminatingError(Invoke-WebRequest): "The remote server returned an error: (404) Not Found."
PS>TerminatingError(Invoke-WebRequest): "The remote server returned an error: (404) Not Found."
PS>TerminatingError(Invoke-WebRequest): "The remote server returned an error: (404) Not Found."
PS>TerminatingError(Invoke-WebRequest): "The remote server returned an error: (404) Not Found."
PS>TerminatingError(Invoke-WebRequest): "The remote server returned an error: (404) Not Found."
PS>TerminatingError(Invoke-WebRequest): "The remote server returned an error: (404) Not Found."
PS>TerminatingError(Invoke-WebRequest): "The remote server returned an error: (404) Not Found."
PS>TerminatingError(Invoke-WebRequest): "The remote server returned an error: (404) Not Found."
PS>TerminatingError(Invoke-WebRequest): "The remote server returned an error: (404) Not Found."
PS>TerminatingError(Invoke-WebRequest): "The remote server returned an error: (404) Not Found."
PS>TerminatingError(Invoke-WebRequest): "The remote server returned an error: (404) Not Found."
PS>TerminatingError(Invoke-WebRequest): "The remote server returned an error: (404) Not Found."
PS>TerminatingError(Invoke-WebRequest): "The remote server returned an error: (404) Not Found."
PS>TerminatingError(Invoke-WebRequest): "The remote server returned an error: (404) Not Found."
PS>TerminatingError(Invoke-WebRequest): "The remote server returned an error: (404) Not Found."
PS>TerminatingError(Invoke-WebRequest): "The remote server returned an error: (404) Not Found."
PS>TerminatingError(Invoke-WebRequest): "The remote server returned an error: (404) Not Found."
PS>TerminatingError(Invoke-WebRequest): "The remote server returned an error: (404) Not Found."
PS>TerminatingError(Invoke-WebRequest): "The remote server returned an error: (404) Not Found."
PS>TerminatingError(Invoke-WebRequest): "The remote server returned an error: (404) Not Found."
PS>TerminatingError(Invoke-WebRequest): "The remote server returned an error: (404) Not Found."
PS>TerminatingError(Invoke-WebRequest): "The remote server returned an error: (404) Not Found."
PS>TerminatingError(Invoke-WebRequest): "The remote server returned an error: (404) Not Found."
PS>TerminatingError(Invoke-WebRequest): "The remote server returned an error: (404) Not Found."
PS>TerminatingError(Invoke-WebRequest): "The remote server returned an error: (404) Not Found."
PS>TerminatingError(Invoke-WebRequest): "The remote server returned an error: (404) Not Found."
PS>TerminatingError(Invoke-WebRequest): "The remote server returned an error: (404) Not Found."
PS>TerminatingError(Invoke-WebRequest): "The remote server returned an error: (404) Not Found."
PS>TerminatingError(Invoke-WebRequest): "The remote server returned an error: (404) Not Found."
PS>TerminatingError(Invoke-WebRequest): "The remote server returned an error: (404) Not Found."
PS>TerminatingError(Invoke-WebRequest): "The remote server returned an error: (404) Not Found."
PS>TerminatingError(Invoke-WebRequest): "The remote server returned an error: (404) Not Found."
PS>TerminatingError(Invoke-WebRequest): "The remote server returned an error: (404) Not Found."
Cached icons for 200 of 516 records...
PS>TerminatingError(Invoke-WebRequest): "The remote server returned an error: (404) Not Found."
PS>TerminatingError(Invoke-WebRequest): "The remote server returned an error: (404) Not Found."
PS>TerminatingError(Invoke-WebRequest): "The remote server returned an error: (404) Not Found."
PS>TerminatingError(Invoke-WebRequest): "The remote server returned an error: (404) Not Found."
PS>TerminatingError(Invoke-WebRequest): "The remote server returned an error: (404) Not Found."
PS>TerminatingError(Invoke-WebRequest): "The remote server returned an error: (404) Not Found."
PS>TerminatingError(Invoke-WebRequest): "The remote server returned an error: (404) Not Found."
PS>TerminatingError(Invoke-WebRequest): "The remote server returned an error: (404) Not Found."
PS>TerminatingError(Invoke-WebRequest): "The remote server returned an error: (404) Not Found."
PS>TerminatingError(Invoke-WebRequest): "The remote server returned an error: (404) Not Found."
PS>TerminatingError(Invoke-WebRequest): "The remote server returned an error: (404) Not Found."
PS>TerminatingError(Invoke-WebRequest): "The remote server returned an error: (404) Not Found."
PS>TerminatingError(Invoke-WebRequest): "The remote server returned an error: (404) Not Found."
PS>TerminatingError(Invoke-WebRequest): "The remote server returned an error: (404) Not Found."
PS>TerminatingError(Invoke-WebRequest): "The remote server returned an error: (404) Not Found."
PS>TerminatingError(Invoke-WebRequest): "The remote server returned an error: (404) Not Found."
PS>TerminatingError(Invoke-WebRequest): "The remote server returned an error: (404) Not Found."
PS>TerminatingError(Invoke-WebRequest): "The remote server returned an error: (404) Not Found."
PS>TerminatingError(Invoke-WebRequest): "The remote server returned an error: (404) Not Found."
PS>TerminatingError(Invoke-WebRequest): "The remote server returned an error: (404) Not Found."
PS>TerminatingError(Invoke-WebRequest): "The remote server returned an error: (404) Not Found."
PS>TerminatingError(Invoke-WebRequest): "The remote server returned an error: (404) Not Found."
PS>TerminatingError(Invoke-WebRequest): "The remote server returned an error: (404) Not Found."
PS>TerminatingError(Invoke-WebRequest): "The remote server returned an error: (404) Not Found."
PS>TerminatingError(Invoke-WebRequest): "The remote server returned an error: (404) Not Found."
PS>TerminatingError(Invoke-WebRequest): "The remote server returned an error: (404) Not Found."
PS>TerminatingError(Invoke-WebRequest): "The remote server returned an error: (404) Not Found."
PS>TerminatingError(Invoke-WebRequest): "The remote server returned an error: (404) Not Found."
PS>TerminatingError(Invoke-WebRequest): "The remote server returned an error: (404) Not Found."
PS>TerminatingError(Invoke-WebRequest): "The remote server returned an error: (404) Not Found."
PS>TerminatingError(Invoke-WebRequest): "The remote server returned an error: (404) Not Found."
PS>TerminatingError(Invoke-WebRequest): "The remote server returned an error: (404) Not Found."
PS>TerminatingError(Invoke-WebRequest): "The remote server returned an error: (404) Not Found."
PS>TerminatingError(Invoke-WebRequest): "The remote server returned an error: (404) Not Found."
PS>TerminatingError(Invoke-WebRequest): "The remote server returned an error: (404) Not Found."
PS>TerminatingError(Invoke-WebRequest): "The remote server returned an error: (404) Not Found."
PS>TerminatingError(Invoke-WebRequest): "The remote server returned an error: (404) Not Found."
PS>TerminatingError(Invoke-WebRequest): "The remote server returned an error: (404) Not Found."
PS>TerminatingError(Invoke-WebRequest): "The remote server returned an error: (404) Not Found."
PS>TerminatingError(Invoke-WebRequest): "The remote server returned an error: (404) Not Found."
PS>TerminatingError(Invoke-WebRequest): "The remote server returned an error: (404) Not Found."
PS>TerminatingError(Invoke-WebRequest): "The remote server returned an error: (404) Not Found."
PS>TerminatingError(Invoke-WebRequest): "The remote server returned an error: (404) Not Found."
PS>TerminatingError(Invoke-WebRequest): "The remote server returned an error: (404) Not Found."
PS>TerminatingError(Invoke-WebRequest): "The remote server returned an error: (404) Not Found."
PS>TerminatingError(Invoke-WebRequest): "The remote server returned an error: (404) Not Found."
PS>TerminatingError(Invoke-WebRequest): "The remote server returned an error: (404) Not Found."
PS>TerminatingError(Invoke-WebRequest): "The remote server returned an error: (404) Not Found."
PS>TerminatingError(Invoke-WebRequest): "The remote server returned an error: (404) Not Found."
PS>TerminatingError(Invoke-WebRequest): "The remote server returned an error: (404) Not Found."
Cached icons for 225 of 516 records...
PS>TerminatingError(Invoke-WebRequest): "The remote server returned an error: (404) Not Found."
PS>TerminatingError(Invoke-WebRequest): "The remote server returned an error: (404) Not Found."
PS>TerminatingError(Invoke-WebRequest): "The remote server returned an error: (404) Not Found."
PS>TerminatingError(Invoke-WebRequest): "The remote server returned an error: (404) Not Found."
PS>TerminatingError(Invoke-WebRequest): "The remote server returned an error: (404) Not Found."
PS>TerminatingError(Invoke-WebRequest): "The remote server returned an error: (404) Not Found."
PS>TerminatingError(Invoke-WebRequest): "The remote server returned an error: (404) Not Found."
PS>TerminatingError(Invoke-WebRequest): "The remote server returned an error: (404) Not Found."
PS>TerminatingError(Invoke-WebRequest): "The remote server returned an error: (404) Not Found."
PS>TerminatingError(Invoke-WebRequest): "The remote server returned an error: (404) Not Found."
PS>TerminatingError(Invoke-WebRequest): "The remote server returned an error: (404) Not Found."
PS>TerminatingError(Invoke-WebRequest): "The remote server returned an error: (404) Not Found."
PS>TerminatingError(Invoke-WebRequest): "The remote server returned an error: (404) Not Found."
PS>TerminatingError(Invoke-WebRequest): "The remote server returned an error: (404) Not Found."
PS>TerminatingError(Invoke-WebRequest): "The remote server returned an error: (404) Not Found."
PS>TerminatingError(Invoke-WebRequest): "The remote server returned an error: (404) Not Found."
PS>TerminatingError(Invoke-WebRequest): "The remote server returned an error: (404) Not Found."
PS>TerminatingError(Invoke-WebRequest): "The remote server returned an error: (404) Not Found."
PS>TerminatingError(Invoke-WebRequest): "The remote server returned an error: (404) Not Found."
PS>TerminatingError(Invoke-WebRequest): "The remote server returned an error: (404) Not Found."
PS>TerminatingError(Invoke-WebRequest): "The remote server returned an error: (404) Not Found."
PS>TerminatingError(Invoke-WebRequest): "The remote server returned an error: (404) Not Found."
PS>TerminatingError(Invoke-WebRequest): "The remote server returned an error: (404) Not Found."
PS>TerminatingError(Invoke-WebRequest): "The remote server returned an error: (404) Not Found."
PS>TerminatingError(Invoke-WebRequest): "The remote server returned an error: (404) Not Found."
PS>TerminatingError(Invoke-WebRequest): "The remote server returned an error: (404) Not Found."
PS>TerminatingError(Invoke-WebRequest): "The remote server returned an error: (404) Not Found."
PS>TerminatingError(Invoke-WebRequest): "The remote server returned an error: (404) Not Found."
PS>TerminatingError(Invoke-WebRequest): "The remote server returned an error: (404) Not Found."
PS>TerminatingError(Invoke-WebRequest): "The remote server returned an error: (404) Not Found."
PS>TerminatingError(Invoke-WebRequest): "The remote server returned an error: (404) Not Found."
PS>TerminatingError(Invoke-WebRequest): "The remote server returned an error: (404) Not Found."
PS>TerminatingError(Invoke-WebRequest): "The remote server returned an error: (404) Not Found."
PS>TerminatingError(Invoke-WebRequest): "The remote server returned an error: (404) Not Found."
PS>TerminatingError(Invoke-WebRequest): "The remote server returned an error: (404) Not Found."
PS>TerminatingError(Invoke-WebRequest): "The remote server returned an error: (404) Not Found."
PS>TerminatingError(Invoke-WebRequest): "The remote server returned an error: (404) Not Found."
PS>TerminatingError(Invoke-WebRequest): "The remote server returned an error: (404) Not Found."
PS>TerminatingError(Invoke-WebRequest): "The remote server returned an error: (404) Not Found."
PS>TerminatingError(Invoke-WebRequest): "The remote server returned an error: (404) Not Found."
PS>TerminatingError(Invoke-WebRequest): "The remote server returned an error: (404) Not Found."
PS>TerminatingError(Invoke-WebRequest): "The remote server returned an error: (404) Not Found."
PS>TerminatingError(Invoke-WebRequest): "The remote server returned an error: (404) Not Found."
PS>TerminatingError(Invoke-WebRequest): "The remote server returned an error: (404) Not Found."
PS>TerminatingError(Invoke-WebRequest): "The remote server returned an error: (404) Not Found."
PS>TerminatingError(Invoke-WebRequest): "The remote server returned an error: (404) Not Found."
PS>TerminatingError(Invoke-WebRequest): "The remote server returned an error: (404) Not Found."
PS>TerminatingError(Invoke-WebRequest): "The remote server returned an error: (404) Not Found."
PS>TerminatingError(Invoke-WebRequest): "The remote server returned an error: (404) Not Found."
PS>TerminatingError(Invoke-WebRequest): "The remote server returned an error: (404) Not Found."
Cached icons for 250 of 516 records...
PS>TerminatingError(Invoke-WebRequest): "The remote server returned an error: (404) Not Found."
PS>TerminatingError(Invoke-WebRequest): "The remote server returned an error: (404) Not Found."
PS>TerminatingError(Invoke-WebRequest): "The remote server returned an error: (404) Not Found."
PS>TerminatingError(Invoke-WebRequest): "The remote server returned an error: (404) Not Found."
PS>TerminatingError(Invoke-WebRequest): "The remote server returned an error: (404) Not Found."
PS>TerminatingError(Invoke-WebRequest): "The remote server returned an error: (404) Not Found."
PS>TerminatingError(Invoke-WebRequest): "The remote server returned an error: (404) Not Found."
PS>TerminatingError(Invoke-WebRequest): "The remote server returned an error: (404) Not Found."
PS>TerminatingError(Invoke-WebRequest): "The remote server returned an error: (404) Not Found."
PS>TerminatingError(Invoke-WebRequest): "The remote server returned an error: (404) Not Found."
PS>TerminatingError(Invoke-WebRequest): "The remote server returned an error: (404) Not Found."
PS>TerminatingError(Invoke-WebRequest): "The remote server returned an error: (404) Not Found."
PS>TerminatingError(Invoke-WebRequest): "The remote server returned an error: (404) Not Found."
PS>TerminatingError(Invoke-WebRequest): "The remote server returned an error: (404) Not Found."
PS>TerminatingError(Invoke-WebRequest): "The remote server returned an error: (404) Not Found."
PS>TerminatingError(Invoke-WebRequest): "The remote server returned an error: (404) Not Found."
PS>TerminatingError(Invoke-WebRequest): "The remote server returned an error: (404) Not Found."
PS>TerminatingError(Invoke-WebRequest): "The remote server returned an error: (404) Not Found."
PS>TerminatingError(Invoke-WebRequest): "The remote server returned an error: (404) Not Found."
PS>TerminatingError(Invoke-WebRequest): "The remote server returned an error: (404) Not Found."
PS>TerminatingError(Invoke-WebRequest): "The remote server returned an error: (404) Not Found."
PS>TerminatingError(Invoke-WebRequest): "The remote server returned an error: (404) Not Found."
PS>TerminatingError(Invoke-WebRequest): "The remote server returned an error: (404) Not Found."
PS>TerminatingError(Invoke-WebRequest): "The remote server returned an error: (404) Not Found."
PS>TerminatingError(Invoke-WebRequest): "The remote server returned an error: (404) Not Found."
PS>TerminatingError(Invoke-WebRequest): "The remote server returned an error: (404) Not Found."
PS>TerminatingError(Invoke-WebRequest): "The remote server returned an error: (404) Not Found."
PS>TerminatingError(Invoke-WebRequest): "The remote server returned an error: (404) Not Found."
PS>TerminatingError(Invoke-WebRequest): "The remote server returned an error: (404) Not Found."
PS>TerminatingError(Invoke-WebRequest): "The remote server returned an error: (404) Not Found."
PS>TerminatingError(Invoke-WebRequest): "The remote server returned an error: (404) Not Found."
PS>TerminatingError(Invoke-WebRequest): "The remote server returned an error: (404) Not Found."
PS>TerminatingError(Invoke-WebRequest): "The remote server returned an error: (404) Not Found."
PS>TerminatingError(Invoke-WebRequest): "The remote server returned an error: (404) Not Found."
PS>TerminatingError(Invoke-WebRequest): "The remote server returned an error: (404) Not Found."
PS>TerminatingError(Invoke-WebRequest): "The remote server returned an error: (404) Not Found."
PS>TerminatingError(Invoke-WebRequest): "The remote server returned an error: (404) Not Found."
PS>TerminatingError(Invoke-WebRequest): "The remote server returned an error: (404) Not Found."
PS>TerminatingError(Invoke-WebRequest): "The remote server returned an error: (404) Not Found."
PS>TerminatingError(Invoke-WebRequest): "The remote server returned an error: (404) Not Found."
PS>TerminatingError(Invoke-WebRequest): "The remote server returned an error: (404) Not Found."
PS>TerminatingError(Invoke-WebRequest): "The remote server returned an error: (404) Not Found."
PS>TerminatingError(Invoke-WebRequest): "The remote server returned an error: (404) Not Found."
PS>TerminatingError(Invoke-WebRequest): "The remote server returned an error: (404) Not Found."
PS>TerminatingError(Invoke-WebRequest): "The remote server returned an error: (404) Not Found."
PS>TerminatingError(Invoke-WebRequest): "The remote server returned an error: (404) Not Found."
PS>TerminatingError(Invoke-WebRequest): "The remote server returned an error: (404) Not Found."
PS>TerminatingError(Invoke-WebRequest): "The remote server returned an error: (404) Not Found."
PS>TerminatingError(Invoke-WebRequest): "The remote server returned an error: (404) Not Found."
PS>TerminatingError(Invoke-WebRequest): "The remote server returned an error: (404) Not Found."
Cached icons for 275 of 516 records...
PS>TerminatingError(Invoke-WebRequest): "The remote server returned an error: (404) Not Found."
PS>TerminatingError(Invoke-WebRequest): "The remote server returned an error: (404) Not Found."
PS>TerminatingError(Invoke-WebRequest): "The remote server returned an error: (404) Not Found."
PS>TerminatingError(Invoke-WebRequest): "The remote server returned an error: (404) Not Found."
PS>TerminatingError(Invoke-WebRequest): "The remote server returned an error: (404) Not Found."
PS>TerminatingError(Invoke-WebRequest): "The remote server returned an error: (404) Not Found."
PS>TerminatingError(Invoke-WebRequest): "The remote server returned an error: (404) Not Found."
PS>TerminatingError(Invoke-WebRequest): "The remote server returned an error: (404) Not Found."
PS>TerminatingError(Invoke-WebRequest): "The remote server returned an error: (404) Not Found."
PS>TerminatingError(Invoke-WebRequest): "The remote server returned an error: (404) Not Found."
PS>TerminatingError(Invoke-WebRequest): "The remote server returned an error: (404) Not Found."
PS>TerminatingError(Invoke-WebRequest): "The remote server returned an error: (404) Not Found."
PS>TerminatingError(Invoke-WebRequest): "The remote server returned an error: (404) Not Found."
PS>TerminatingError(Invoke-WebRequest): "The remote server returned an error: (404) Not Found."
PS>TerminatingError(Invoke-WebRequest): "The remote server returned an error: (404) Not Found."
PS>TerminatingError(Invoke-WebRequest): "The remote server returned an error: (404) Not Found."
PS>TerminatingError(Invoke-WebRequest): "The remote server returned an error: (404) Not Found."
PS>TerminatingError(Invoke-WebRequest): "The remote server returned an error: (404) Not Found."
PS>TerminatingError(Invoke-WebRequest): "The remote server returned an error: (404) Not Found."
PS>TerminatingError(Invoke-WebRequest): "The remote server returned an error: (404) Not Found."
PS>TerminatingError(Invoke-WebRequest): "The remote server returned an error: (404) Not Found."
PS>TerminatingError(Invoke-WebRequest): "The remote server returned an error: (404) Not Found."
PS>TerminatingError(Invoke-WebRequest): "The remote server returned an error: (404) Not Found."
PS>TerminatingError(Invoke-WebRequest): "The remote server returned an error: (404) Not Found."
PS>TerminatingError(Invoke-WebRequest): "The remote server returned an error: (404) Not Found."
PS>TerminatingError(Invoke-WebRequest): "The remote server returned an error: (404) Not Found."
PS>TerminatingError(Invoke-WebRequest): "The remote server returned an error: (404) Not Found."
PS>TerminatingError(Invoke-WebRequest): "The remote server returned an error: (404) Not Found."
PS>TerminatingError(Invoke-WebRequest): "The remote server returned an error: (404) Not Found."
PS>TerminatingError(Invoke-WebRequest): "The remote server returned an error: (404) Not Found."
PS>TerminatingError(Invoke-WebRequest): "The remote server returned an error: (404) Not Found."
PS>TerminatingError(Invoke-WebRequest): "The remote server returned an error: (404) Not Found."
PS>TerminatingError(Invoke-WebRequest): "The remote server returned an error: (404) Not Found."
PS>TerminatingError(Invoke-WebRequest): "The remote server returned an error: (404) Not Found."
PS>TerminatingError(Invoke-WebRequest): "The remote server returned an error: (404) Not Found."
PS>TerminatingError(Invoke-WebRequest): "The remote server returned an error: (404) Not Found."
PS>TerminatingError(Invoke-WebRequest): "The remote server returned an error: (404) Not Found."
PS>TerminatingError(Invoke-WebRequest): "The remote server returned an error: (404) Not Found."
PS>TerminatingError(Invoke-WebRequest): "The remote server returned an error: (404) Not Found."
PS>TerminatingError(Invoke-WebRequest): "The remote server returned an error: (404) Not Found."
PS>TerminatingError(Invoke-WebRequest): "The remote server returned an error: (404) Not Found."
PS>TerminatingError(Invoke-WebRequest): "The remote server returned an error: (404) Not Found."
PS>TerminatingError(Invoke-WebRequest): "The remote server returned an error: (404) Not Found."
PS>TerminatingError(Invoke-WebRequest): "The remote server returned an error: (404) Not Found."
PS>TerminatingError(Invoke-WebRequest): "The remote server returned an error: (404) Not Found."
PS>TerminatingError(Invoke-WebRequest): "The remote server returned an error: (404) Not Found."
PS>TerminatingError(Invoke-WebRequest): "The remote server returned an error: (404) Not Found."
PS>TerminatingError(Invoke-WebRequest): "The remote server returned an error: (404) Not Found."
PS>TerminatingError(Invoke-WebRequest): "The remote server returned an error: (404) Not Found."
PS>TerminatingError(Invoke-WebRequest): "The remote server returned an error: (404) Not Found."
Cached icons for 300 of 516 records...
PS>TerminatingError(Invoke-WebRequest): "The remote server returned an error: (404) Not Found."
PS>TerminatingError(Invoke-WebRequest): "The remote server returned an error: (404) Not Found."
PS>TerminatingError(Invoke-WebRequest): "The remote server returned an error: (404) Not Found."
PS>TerminatingError(Invoke-WebRequest): "The remote server returned an error: (404) Not Found."
PS>TerminatingError(Invoke-WebRequest): "The remote server returned an error: (404) Not Found."
PS>TerminatingError(Invoke-WebRequest): "The remote server returned an error: (404) Not Found."
PS>TerminatingError(Invoke-WebRequest): "The remote server returned an error: (404) Not Found."
PS>TerminatingError(Invoke-WebRequest): "The remote server returned an error: (404) Not Found."
PS>TerminatingError(Invoke-WebRequest): "The remote server returned an error: (404) Not Found."
PS>TerminatingError(Invoke-WebRequest): "The remote server returned an error: (404) Not Found."
PS>TerminatingError(Invoke-WebRequest): "The remote server returned an error: (404) Not Found."
PS>TerminatingError(Invoke-WebRequest): "The remote server returned an error: (404) Not Found."
PS>TerminatingError(Invoke-WebRequest): "The remote server returned an error: (404) Not Found."
PS>TerminatingError(Invoke-WebRequest): "The remote server returned an error: (404) Not Found."
PS>TerminatingError(Invoke-WebRequest): "The remote server returned an error: (404) Not Found."
PS>TerminatingError(Invoke-WebRequest): "The remote server returned an error: (404) Not Found."
PS>TerminatingError(Invoke-WebRequest): "The remote server returned an error: (404) Not Found."
PS>TerminatingError(Invoke-WebRequest): "The remote server returned an error: (404) Not Found."
PS>TerminatingError(Invoke-WebRequest): "The remote server returned an error: (404) Not Found."
PS>TerminatingError(Invoke-WebRequest): "The remote server returned an error: (404) Not Found."
PS>TerminatingError(Invoke-WebRequest): "The remote server returned an error: (404) Not Found."
PS>TerminatingError(Invoke-WebRequest): "The remote server returned an error: (404) Not Found."
PS>TerminatingError(Invoke-WebRequest): "The remote server returned an error: (404) Not Found."
PS>TerminatingError(Invoke-WebRequest): "The remote server returned an error: (404) Not Found."
PS>TerminatingError(Invoke-WebRequest): "The remote server returned an error: (404) Not Found."
PS>TerminatingError(Invoke-WebRequest): "The remote server returned an error: (404) Not Found."
PS>TerminatingError(Invoke-WebRequest): "The remote server returned an error: (404) Not Found."
PS>TerminatingError(Invoke-WebRequest): "The remote server returned an error: (404) Not Found."
PS>TerminatingError(Invoke-WebRequest): "The remote server returned an error: (404) Not Found."
PS>TerminatingError(Invoke-WebRequest): "The remote server returned an error: (404) Not Found."
PS>TerminatingError(Invoke-WebRequest): "The remote server returned an error: (404) Not Found."
PS>TerminatingError(Invoke-WebRequest): "The remote server returned an error: (404) Not Found."
PS>TerminatingError(Invoke-WebRequest): "The remote server returned an error: (404) Not Found."
PS>TerminatingError(Invoke-WebRequest): "The remote server returned an error: (404) Not Found."
Cached icons for 325 of 516 records...
PS>TerminatingError(Invoke-WebRequest): "The remote server returned an error: (404) Not Found."
PS>TerminatingError(Invoke-WebRequest): "The remote server returned an error: (404) Not Found."
PS>TerminatingError(Invoke-WebRequest): "The remote server returned an error: (404) Not Found."
PS>TerminatingError(Invoke-WebRequest): "The remote server returned an error: (404) Not Found."
PS>TerminatingError(Invoke-WebRequest): "The remote server returned an error: (404) Not Found."
PS>TerminatingError(Invoke-WebRequest): "The remote server returned an error: (404) Not Found."
PS>TerminatingError(Invoke-WebRequest): "The remote server returned an error: (404) Not Found."
PS>TerminatingError(Invoke-WebRequest): "The remote server returned an error: (404) Not Found."
PS>TerminatingError(Invoke-WebRequest): "The remote server returned an error: (404) Not Found."
PS>TerminatingError(Invoke-WebRequest): "The remote server returned an error: (404) Not Found."
PS>TerminatingError(Invoke-WebRequest): "The remote server returned an error: (404) Not Found."
PS>TerminatingError(Invoke-WebRequest): "The remote server returned an error: (404) Not Found."
PS>TerminatingError(Invoke-WebRequest): "The remote server returned an error: (404) Not Found."
PS>TerminatingError(Invoke-WebRequest): "The remote server returned an error: (404) Not Found."
PS>TerminatingError(Invoke-WebRequest): "The remote server returned an error: (404) Not Found."
PS>TerminatingError(Invoke-WebRequest): "The remote server returned an error: (404) Not Found."
PS>TerminatingError(Invoke-WebRequest): "The remote server returned an error: (404) Not Found."
PS>TerminatingError(Invoke-WebRequest): "The remote server returned an error: (404) Not Found."
PS>TerminatingError(Invoke-WebRequest): "The remote server returned an error: (404) Not Found."
PS>TerminatingError(Invoke-WebRequest): "The remote server returned an error: (404) Not Found."
PS>TerminatingError(Invoke-WebRequest): "The remote server returned an error: (404) Not Found."
PS>TerminatingError(Invoke-WebRequest): "The remote server returned an error: (404) Not Found."
PS>TerminatingError(Invoke-WebRequest): "The remote server returned an error: (404) Not Found."
PS>TerminatingError(Invoke-WebRequest): "The remote server returned an error: (404) Not Found."
PS>TerminatingError(Invoke-WebRequest): "The remote server returned an error: (404) Not Found."
PS>TerminatingError(Invoke-WebRequest): "The remote server returned an error: (404) Not Found."
PS>TerminatingError(Invoke-WebRequest): "The remote server returned an error: (404) Not Found."
PS>TerminatingError(Invoke-WebRequest): "The remote server returned an error: (404) Not Found."
PS>TerminatingError(Invoke-WebRequest): "The remote server returned an error: (404) Not Found."
PS>TerminatingError(Invoke-WebRequest): "The remote server returned an error: (404) Not Found."
Cached icons for 350 of 516 records...
PS>TerminatingError(Invoke-WebRequest): "The remote server returned an error: (404) Not Found."
PS>TerminatingError(Invoke-WebRequest): "The remote server returned an error: (404) Not Found."
PS>TerminatingError(Invoke-WebRequest): "The remote server returned an error: (404) Not Found."
PS>TerminatingError(Invoke-WebRequest): "The remote server returned an error: (404) Not Found."
PS>TerminatingError(Invoke-WebRequest): "The remote server returned an error: (404) Not Found."
PS>TerminatingError(Invoke-WebRequest): "The remote server returned an error: (404) Not Found."
PS>TerminatingError(Invoke-WebRequest): "The remote server returned an error: (404) Not Found."
PS>TerminatingError(Invoke-WebRequest): "The remote server returned an error: (404) Not Found."
PS>TerminatingError(Invoke-WebRequest): "The remote server returned an error: (404) Not Found."
PS>TerminatingError(Invoke-WebRequest): "The remote server returned an error: (404) Not Found."
PS>TerminatingError(Invoke-WebRequest): "The remote server returned an error: (404) Not Found."
PS>TerminatingError(Invoke-WebRequest): "The remote server returned an error: (404) Not Found."
PS>TerminatingError(Invoke-WebRequest): "The remote server returned an error: (404) Not Found."
PS>TerminatingError(Invoke-WebRequest): "The remote server returned an error: (404) Not Found."
PS>TerminatingError(Invoke-WebRequest): "The remote server returned an error: (404) Not Found."
PS>TerminatingError(Invoke-WebRequest): "The remote server returned an error: (404) Not Found."
PS>TerminatingError(Invoke-WebRequest): "The remote server returned an error: (404) Not Found."
PS>TerminatingError(Invoke-WebRequest): "The remote server returned an error: (404) Not Found."
PS>TerminatingError(Invoke-WebRequest): "The remote server returned an error: (404) Not Found."
PS>TerminatingError(Invoke-WebRequest): "The remote server returned an error: (404) Not Found."
PS>TerminatingError(Invoke-WebRequest): "The remote server returned an error: (404) Not Found."
PS>TerminatingError(Invoke-WebRequest): "The remote server returned an error: (404) Not Found."
PS>TerminatingError(Invoke-WebRequest): "The remote server returned an error: (404) Not Found."
PS>TerminatingError(Invoke-WebRequest): "The remote server returned an error: (404) Not Found."
PS>TerminatingError(Invoke-WebRequest): "The remote server returned an error: (404) Not Found."
PS>TerminatingError(Invoke-WebRequest): "The remote server returned an error: (404) Not Found."
PS>TerminatingError(Invoke-WebRequest): "The remote server returned an error: (404) Not Found."
PS>TerminatingError(Invoke-WebRequest): "The remote server returned an error: (404) Not Found."
PS>TerminatingError(Invoke-WebRequest): "The remote server returned an error: (404) Not Found."
PS>TerminatingError(Invoke-WebRequest): "The remote server returned an error: (404) Not Found."
PS>TerminatingError(Invoke-WebRequest): "The remote server returned an error: (404) Not Found."
PS>TerminatingError(Invoke-WebRequest): "The remote server returned an error: (404) Not Found."
PS>TerminatingError(Invoke-WebRequest): "The remote server returned an error: (404) Not Found."
PS>TerminatingError(Invoke-WebRequest): "The remote server returned an error: (404) Not Found."
PS>TerminatingError(Invoke-WebRequest): "The remote server returned an error: (404) Not Found."
PS>TerminatingError(Invoke-WebRequest): "The remote server returned an error: (404) Not Found."
PS>TerminatingError(Invoke-WebRequest): "The remote server returned an error: (404) Not Found."
PS>TerminatingError(Invoke-WebRequest): "The remote server returned an error: (404) Not Found."
PS>TerminatingError(Invoke-WebRequest): "The remote server returned an error: (404) Not Found."
PS>TerminatingError(Invoke-WebRequest): "The remote server returned an error: (404) Not Found."
PS>TerminatingError(Invoke-WebRequest): "The remote server returned an error: (404) Not Found."
PS>TerminatingError(Invoke-WebRequest): "The remote server returned an error: (404) Not Found."
Cached icons for 375 of 516 records...
PS>TerminatingError(Invoke-WebRequest): "The remote server returned an error: (404) Not Found."
PS>TerminatingError(Invoke-WebRequest): "The remote server returned an error: (404) Not Found."
PS>TerminatingError(Invoke-WebRequest): "The remote server returned an error: (404) Not Found."
PS>TerminatingError(Invoke-WebRequest): "The remote server returned an error: (404) Not Found."
PS>TerminatingError(Invoke-WebRequest): "The remote server returned an error: (404) Not Found."
PS>TerminatingError(Invoke-WebRequest): "The remote server returned an error: (404) Not Found."
PS>TerminatingError(Invoke-WebRequest): "The remote server returned an error: (404) Not Found."
PS>TerminatingError(Invoke-WebRequest): "The remote server returned an error: (404) Not Found."
PS>TerminatingError(Invoke-WebRequest): "The remote server returned an error: (404) Not Found."
PS>TerminatingError(Invoke-WebRequest): "The remote server returned an error: (404) Not Found."
PS>TerminatingError(Invoke-WebRequest): "The remote server returned an error: (404) Not Found."
PS>TerminatingError(Invoke-WebRequest): "The remote server returned an error: (404) Not Found."
PS>TerminatingError(Invoke-WebRequest): "The remote server returned an error: (404) Not Found."
PS>TerminatingError(Invoke-WebRequest): "The remote server returned an error: (404) Not Found."
PS>TerminatingError(Invoke-WebRequest): "The remote server returned an error: (404) Not Found."
PS>TerminatingError(Invoke-WebRequest): "The remote server returned an error: (404) Not Found."
PS>TerminatingError(Invoke-WebRequest): "The remote server returned an error: (404) Not Found."
PS>TerminatingError(Invoke-WebRequest): "The remote server returned an error: (404) Not Found."
PS>TerminatingError(Invoke-WebRequest): "The remote server returned an error: (404) Not Found."
PS>TerminatingError(Invoke-WebRequest): "The remote server returned an error: (404) Not Found."
PS>TerminatingError(Invoke-WebRequest): "The remote server returned an error: (404) Not Found."
PS>TerminatingError(Invoke-WebRequest): "The remote server returned an error: (404) Not Found."
PS>TerminatingError(Invoke-WebRequest): "The remote server returned an error: (404) Not Found."
PS>TerminatingError(Invoke-WebRequest): "The remote server returned an error: (404) Not Found."
PS>TerminatingError(Invoke-WebRequest): "The remote server returned an error: (404) Not Found."
PS>TerminatingError(Invoke-WebRequest): "The remote server returned an error: (404) Not Found."
PS>TerminatingError(Invoke-WebRequest): "The remote server returned an error: (404) Not Found."
PS>TerminatingError(Invoke-WebRequest): "The remote server returned an error: (404) Not Found."
PS>TerminatingError(Invoke-WebRequest): "The remote server returned an error: (404) Not Found."
PS>TerminatingError(Invoke-WebRequest): "The remote server returned an error: (404) Not Found."
PS>TerminatingError(Invoke-WebRequest): "The remote server returned an error: (404) Not Found."
PS>TerminatingError(Invoke-WebRequest): "The remote server returned an error: (404) Not Found."
PS>TerminatingError(Invoke-WebRequest): "The remote server returned an error: (404) Not Found."
PS>TerminatingError(Invoke-WebRequest): "The remote server returned an error: (404) Not Found."
PS>TerminatingError(Invoke-WebRequest): "The remote server returned an error: (404) Not Found."
PS>TerminatingError(Invoke-WebRequest): "The remote server returned an error: (404) Not Found."
PS>TerminatingError(Invoke-WebRequest): "The remote server returned an error: (404) Not Found."
PS>TerminatingError(Invoke-WebRequest): "The remote server returned an error: (404) Not Found."
PS>TerminatingError(Invoke-WebRequest): "The remote server returned an error: (404) Not Found."
PS>TerminatingError(Invoke-WebRequest): "The remote server returned an error: (404) Not Found."
PS>TerminatingError(Invoke-WebRequest): "The remote server returned an error: (404) Not Found."
PS>TerminatingError(Invoke-WebRequest): "The remote server returned an error: (404) Not Found."
PS>TerminatingError(Invoke-WebRequest): "The remote server returned an error: (404) Not Found."
PS>TerminatingError(Invoke-WebRequest): "The remote server returned an error: (404) Not Found."
PS>TerminatingError(Invoke-WebRequest): "The remote server returned an error: (404) Not Found."
PS>TerminatingError(Invoke-WebRequest): "The remote server returned an error: (404) Not Found."
PS>TerminatingError(Invoke-WebRequest): "The remote server returned an error: (404) Not Found."
PS>TerminatingError(Invoke-WebRequest): "The remote server returned an error: (404) Not Found."
Cached icons for 400 of 516 records...
PS>TerminatingError(Invoke-WebRequest): "The remote server returned an error: (404) Not Found."
PS>TerminatingError(Invoke-WebRequest): "The remote server returned an error: (404) Not Found."
PS>TerminatingError(Invoke-WebRequest): "The remote server returned an error: (404) Not Found."
PS>TerminatingError(Invoke-WebRequest): "The remote server returned an error: (404) Not Found."
PS>TerminatingError(Invoke-WebRequest): "The remote server returned an error: (404) Not Found."
PS>TerminatingError(Invoke-WebRequest): "The remote server returned an error: (404) Not Found."
PS>TerminatingError(Invoke-WebRequest): "The remote server returned an error: (404) Not Found."
PS>TerminatingError(Invoke-WebRequest): "The remote server returned an error: (404) Not Found."
PS>TerminatingError(Invoke-WebRequest): "The remote server returned an error: (404) Not Found."
PS>TerminatingError(Invoke-WebRequest): "The remote server returned an error: (404) Not Found."
PS>TerminatingError(Invoke-WebRequest): "The remote server returned an error: (404) Not Found."
PS>TerminatingError(Invoke-WebRequest): "The remote server returned an error: (404) Not Found."
PS>TerminatingError(Invoke-WebRequest): "The remote server returned an error: (404) Not Found."
PS>TerminatingError(Invoke-WebRequest): "The remote server returned an error: (404) Not Found."
PS>TerminatingError(Invoke-WebRequest): "The remote server returned an error: (404) Not Found."
PS>TerminatingError(Invoke-WebRequest): "The remote server returned an error: (404) Not Found."
PS>TerminatingError(Invoke-WebRequest): "The remote server returned an error: (404) Not Found."
PS>TerminatingError(Invoke-WebRequest): "The remote server returned an error: (404) Not Found."
PS>TerminatingError(Invoke-WebRequest): "The remote server returned an error: (404) Not Found."
PS>TerminatingError(Invoke-WebRequest): "The remote server returned an error: (404) Not Found."
PS>TerminatingError(Invoke-WebRequest): "The remote server returned an error: (404) Not Found."
PS>TerminatingError(Invoke-WebRequest): "The remote server returned an error: (404) Not Found."
PS>TerminatingError(Invoke-WebRequest): "The remote server returned an error: (404) Not Found."
PS>TerminatingError(Invoke-WebRequest): "The remote server returned an error: (404) Not Found."
PS>TerminatingError(Invoke-WebRequest): "The remote server returned an error: (404) Not Found."
PS>TerminatingError(Invoke-WebRequest): "The remote server returned an error: (404) Not Found."
PS>TerminatingError(Invoke-WebRequest): "The remote server returned an error: (404) Not Found."
PS>TerminatingError(Invoke-WebRequest): "The remote server returned an error: (404) Not Found."
PS>TerminatingError(Invoke-WebRequest): "The remote server returned an error: (404) Not Found."
PS>TerminatingError(Invoke-WebRequest): "The remote server returned an error: (404) Not Found."
PS>TerminatingError(Invoke-WebRequest): "The remote server returned an error: (404) Not Found."
PS>TerminatingError(Invoke-WebRequest): "The remote server returned an error: (404) Not Found."
PS>TerminatingError(Invoke-WebRequest): "The remote server returned an error: (404) Not Found."
PS>TerminatingError(Invoke-WebRequest): "The remote server returned an error: (404) Not Found."
PS>TerminatingError(Invoke-WebRequest): "The remote server returned an error: (404) Not Found."
PS>TerminatingError(Invoke-WebRequest): "The remote server returned an error: (404) Not Found."
PS>TerminatingError(Invoke-WebRequest): "The remote server returned an error: (404) Not Found."
PS>TerminatingError(Invoke-WebRequest): "The remote server returned an error: (404) Not Found."
PS>TerminatingError(Invoke-WebRequest): "The remote server returned an error: (404) Not Found."
PS>TerminatingError(Invoke-WebRequest): "The remote server returned an error: (404) Not Found."
PS>TerminatingError(Invoke-WebRequest): "The remote server returned an error: (404) Not Found."
PS>TerminatingError(Invoke-WebRequest): "The remote server returned an error: (404) Not Found."
PS>TerminatingError(Invoke-WebRequest): "The remote server returned an error: (404) Not Found."
PS>TerminatingError(Invoke-WebRequest): "The remote server returned an error: (404) Not Found."
PS>TerminatingError(Invoke-WebRequest): "The remote server returned an error: (404) Not Found."
PS>TerminatingError(Invoke-WebRequest): "The remote server returned an error: (404) Not Found."
PS>TerminatingError(Invoke-WebRequest): "The remote server returned an error: (404) Not Found."
PS>TerminatingError(Invoke-WebRequest): "The remote server returned an error: (404) Not Found."
PS>TerminatingError(Invoke-WebRequest): "The remote server returned an error: (404) Not Found."
PS>TerminatingError(Invoke-WebRequest): "The remote server returned an error: (404) Not Found."
Cached icons for 425 of 516 records...
PS>TerminatingError(Invoke-WebRequest): "The remote server returned an error: (404) Not Found."
PS>TerminatingError(Invoke-WebRequest): "The remote server returned an error: (404) Not Found."
PS>TerminatingError(Invoke-WebRequest): "The remote server returned an error: (404) Not Found."
PS>TerminatingError(Invoke-WebRequest): "The remote server returned an error: (404) Not Found."
PS>TerminatingError(Invoke-WebRequest): "The remote server returned an error: (404) Not Found."
PS>TerminatingError(Invoke-WebRequest): "The remote server returned an error: (404) Not Found."
PS>TerminatingError(Invoke-WebRequest): "The remote server returned an error: (404) Not Found."
PS>TerminatingError(Invoke-WebRequest): "The remote server returned an error: (404) Not Found."
PS>TerminatingError(Invoke-WebRequest): "The remote server returned an error: (404) Not Found."
PS>TerminatingError(Invoke-WebRequest): "The remote server returned an error: (404) Not Found."
PS>TerminatingError(Invoke-WebRequest): "The remote server returned an error: (404) Not Found."
PS>TerminatingError(Invoke-WebRequest): "The remote server returned an error: (404) Not Found."
PS>TerminatingError(Invoke-WebRequest): "The remote server returned an error: (404) Not Found."
PS>TerminatingError(Invoke-WebRequest): "The remote server returned an error: (404) Not Found."
PS>TerminatingError(Invoke-WebRequest): "The remote server returned an error: (404) Not Found."
PS>TerminatingError(Invoke-WebRequest): "The remote server returned an error: (404) Not Found."
PS>TerminatingError(Invoke-WebRequest): "The remote server returned an error: (404) Not Found."
PS>TerminatingError(Invoke-WebRequest): "The remote server returned an error: (404) Not Found."
PS>TerminatingError(Invoke-WebRequest): "The remote server returned an error: (404) Not Found."
PS>TerminatingError(Invoke-WebRequest): "The remote server returned an error: (404) Not Found."
PS>TerminatingError(Invoke-WebRequest): "The remote server returned an error: (404) Not Found."
PS>TerminatingError(Invoke-WebRequest): "The remote server returned an error: (404) Not Found."
PS>TerminatingError(Invoke-WebRequest): "The remote server returned an error: (404) Not Found."
PS>TerminatingError(Invoke-WebRequest): "The remote server returned an error: (404) Not Found."
PS>TerminatingError(Invoke-WebRequest): "The remote server returned an error: (404) Not Found."
PS>TerminatingError(Invoke-WebRequest): "The remote server returned an error: (404) Not Found."
PS>TerminatingError(Invoke-WebRequest): "The remote server returned an error: (404) Not Found."
PS>TerminatingError(Invoke-WebRequest): "The remote server returned an error: (404) Not Found."
PS>TerminatingError(Invoke-WebRequest): "The remote server returned an error: (404) Not Found."
PS>TerminatingError(Invoke-WebRequest): "The remote server returned an error: (404) Not Found."
PS>TerminatingError(Invoke-WebRequest): "The remote server returned an error: (404) Not Found."
PS>TerminatingError(Invoke-WebRequest): "The remote server returned an error: (404) Not Found."
PS>TerminatingError(Invoke-WebRequest): "The remote server returned an error: (404) Not Found."
PS>TerminatingError(Invoke-WebRequest): "The remote server returned an error: (404) Not Found."
PS>TerminatingError(Invoke-WebRequest): "The remote server returned an error: (404) Not Found."
PS>TerminatingError(Invoke-WebRequest): "The remote server returned an error: (404) Not Found."
PS>TerminatingError(Invoke-WebRequest): "The remote server returned an error: (404) Not Found."
PS>TerminatingError(Invoke-WebRequest): "The remote server returned an error: (404) Not Found."
PS>TerminatingError(Invoke-WebRequest): "The remote server returned an error: (404) Not Found."
PS>TerminatingError(Invoke-WebRequest): "The remote server returned an error: (404) Not Found."
PS>TerminatingError(Invoke-WebRequest): "The remote server returned an error: (404) Not Found."
PS>TerminatingError(Invoke-WebRequest): "The remote server returned an error: (404) Not Found."
PS>TerminatingError(Invoke-WebRequest): "The remote server returned an error: (404) Not Found."
PS>TerminatingError(Invoke-WebRequest): "The remote server returned an error: (404) Not Found."
PS>TerminatingError(Invoke-WebRequest): "The remote server returned an error: (404) Not Found."
PS>TerminatingError(Invoke-WebRequest): "The remote server returned an error: (404) Not Found."
PS>TerminatingError(Invoke-WebRequest): "The remote server returned an error: (404) Not Found."
PS>TerminatingError(Invoke-WebRequest): "The remote server returned an error: (404) Not Found."
PS>TerminatingError(Invoke-WebRequest): "The remote server returned an error: (404) Not Found."
PS>TerminatingError(Invoke-WebRequest): "The remote server returned an error: (404) Not Found."
Cached icons for 450 of 516 records...
PS>TerminatingError(Invoke-WebRequest): "The remote server returned an error: (404) Not Found."
PS>TerminatingError(Invoke-WebRequest): "The remote server returned an error: (404) Not Found."
PS>TerminatingError(Invoke-WebRequest): "The remote server returned an error: (404) Not Found."
PS>TerminatingError(Invoke-WebRequest): "The remote server returned an error: (404) Not Found."
PS>TerminatingError(Invoke-WebRequest): "The remote server returned an error: (404) Not Found."
PS>TerminatingError(Invoke-WebRequest): "The remote server returned an error: (404) Not Found."
PS>TerminatingError(Invoke-WebRequest): "The remote server returned an error: (404) Not Found."
PS>TerminatingError(Invoke-WebRequest): "The remote server returned an error: (404) Not Found."
PS>TerminatingError(Invoke-WebRequest): "The remote server returned an error: (404) Not Found."
PS>TerminatingError(Invoke-WebRequest): "The remote server returned an error: (404) Not Found."
PS>TerminatingError(Invoke-WebRequest): "The remote server returned an error: (404) Not Found."
PS>TerminatingError(Invoke-WebRequest): "The remote server returned an error: (404) Not Found."
PS>TerminatingError(Invoke-WebRequest): "The remote server returned an error: (404) Not Found."
PS>TerminatingError(Invoke-WebRequest): "The remote server returned an error: (404) Not Found."
PS>TerminatingError(Invoke-WebRequest): "The remote server returned an error: (404) Not Found."
PS>TerminatingError(Invoke-WebRequest): "The remote server returned an error: (404) Not Found."
PS>TerminatingError(Invoke-WebRequest): "The remote server returned an error: (404) Not Found."
PS>TerminatingError(Invoke-WebRequest): "The remote server returned an error: (404) Not Found."
PS>TerminatingError(Invoke-WebRequest): "The remote server returned an error: (404) Not Found."
PS>TerminatingError(Invoke-WebRequest): "The remote server returned an error: (404) Not Found."
PS>TerminatingError(Invoke-WebRequest): "The remote server returned an error: (404) Not Found."
PS>TerminatingError(Invoke-WebRequest): "The remote server returned an error: (404) Not Found."
PS>TerminatingError(Invoke-WebRequest): "The remote server returned an error: (404) Not Found."
PS>TerminatingError(Invoke-WebRequest): "The remote server returned an error: (404) Not Found."
PS>TerminatingError(Invoke-WebRequest): "The remote server returned an error: (404) Not Found."
PS>TerminatingError(Invoke-WebRequest): "The remote server returned an error: (404) Not Found."
PS>TerminatingError(Invoke-WebRequest): "The remote server returned an error: (404) Not Found."
PS>TerminatingError(Invoke-WebRequest): "The remote server returned an error: (404) Not Found."
PS>TerminatingError(Invoke-WebRequest): "The remote server returned an error: (404) Not Found."
PS>TerminatingError(Invoke-WebRequest): "The remote server returned an error: (404) Not Found."
PS>TerminatingError(Invoke-WebRequest): "The remote server returned an error: (404) Not Found."
PS>TerminatingError(Invoke-WebRequest): "The remote server returned an error: (404) Not Found."
PS>TerminatingError(Invoke-WebRequest): "The remote server returned an error: (404) Not Found."
PS>TerminatingError(Invoke-WebRequest): "The remote server returned an error: (404) Not Found."
PS>TerminatingError(Invoke-WebRequest): "The remote server returned an error: (404) Not Found."
PS>TerminatingError(Invoke-WebRequest): "The remote server returned an error: (404) Not Found."
PS>TerminatingError(Invoke-WebRequest): "The remote server returned an error: (404) Not Found."
PS>TerminatingError(Invoke-WebRequest): "The remote server returned an error: (404) Not Found."
PS>TerminatingError(Invoke-WebRequest): "The remote server returned an error: (404) Not Found."
PS>TerminatingError(Invoke-WebRequest): "The remote server returned an error: (404) Not Found."
Cached icons for 475 of 516 records...
PS>TerminatingError(Invoke-WebRequest): "The remote server returned an error: (404) Not Found."
PS>TerminatingError(Invoke-WebRequest): "The remote server returned an error: (404) Not Found."
PS>TerminatingError(Invoke-WebRequest): "The remote server returned an error: (404) Not Found."
PS>TerminatingError(Invoke-WebRequest): "The remote server returned an error: (404) Not Found."
PS>TerminatingError(Invoke-WebRequest): "The remote server returned an error: (404) Not Found."
PS>TerminatingError(Invoke-WebRequest): "The remote server returned an error: (404) Not Found."
PS>TerminatingError(Invoke-WebRequest): "The remote server returned an error: (404) Not Found."
PS>TerminatingError(Invoke-WebRequest): "The remote server returned an error: (404) Not Found."
PS>TerminatingError(Invoke-WebRequest): "The remote server returned an error: (404) Not Found."
PS>TerminatingError(Invoke-WebRequest): "The remote server returned an error: (404) Not Found."
PS>TerminatingError(Invoke-WebRequest): "The remote server returned an error: (404) Not Found."
PS>TerminatingError(Invoke-WebRequest): "The remote server returned an error: (404) Not Found."
PS>TerminatingError(Invoke-WebRequest): "The remote server returned an error: (404) Not Found."
PS>TerminatingError(Invoke-WebRequest): "The remote server returned an error: (404) Not Found."
PS>TerminatingError(Invoke-WebRequest): "The remote server returned an error: (404) Not Found."
PS>TerminatingError(Invoke-WebRequest): "The remote server returned an error: (404) Not Found."
PS>TerminatingError(Invoke-WebRequest): "The remote server returned an error: (404) Not Found."
PS>TerminatingError(Invoke-WebRequest): "The remote server returned an error: (404) Not Found."
PS>TerminatingError(Invoke-WebRequest): "The remote server returned an error: (404) Not Found."
PS>TerminatingError(Invoke-WebRequest): "The remote server returned an error: (404) Not Found."
PS>TerminatingError(Invoke-WebRequest): "The remote server returned an error: (404) Not Found."
PS>TerminatingError(Invoke-WebRequest): "The remote server returned an error: (404) Not Found."
PS>TerminatingError(Invoke-WebRequest): "The remote server returned an error: (404) Not Found."
PS>TerminatingError(Invoke-WebRequest): "The remote server returned an error: (404) Not Found."
PS>TerminatingError(Invoke-WebRequest): "The remote server returned an error: (404) Not Found."
PS>TerminatingError(Invoke-WebRequest): "The remote server returned an error: (404) Not Found."
PS>TerminatingError(Invoke-WebRequest): "The remote server returned an error: (404) Not Found."
PS>TerminatingError(Invoke-WebRequest): "The remote server returned an error: (404) Not Found."
PS>TerminatingError(Invoke-WebRequest): "The remote server returned an error: (404) Not Found."
PS>TerminatingError(Invoke-WebRequest): "The remote server returned an error: (404) Not Found."
PS>TerminatingError(Invoke-WebRequest): "The remote server returned an error: (404) Not Found."
PS>TerminatingError(Invoke-WebRequest): "The remote server returned an error: (404) Not Found."
PS>TerminatingError(Invoke-WebRequest): "The remote server returned an error: (404) Not Found."
PS>TerminatingError(Invoke-WebRequest): "The remote server returned an error: (404) Not Found."
PS>TerminatingError(Invoke-WebRequest): "The remote server returned an error: (404) Not Found."
PS>TerminatingError(Invoke-WebRequest): "The remote server returned an error: (404) Not Found."
PS>TerminatingError(Invoke-WebRequest): "The remote server returned an error: (404) Not Found."
PS>TerminatingError(Invoke-WebRequest): "The remote server returned an error: (404) Not Found."
PS>TerminatingError(Invoke-WebRequest): "The remote server returned an error: (404) Not Found."
PS>TerminatingError(Invoke-WebRequest): "The remote server returned an error: (404) Not Found."
PS>TerminatingError(Invoke-WebRequest): "The remote server returned an error: (404) Not Found."
PS>TerminatingError(Invoke-WebRequest): "The remote server returned an error: (404) Not Found."
PS>TerminatingError(Invoke-WebRequest): "The remote server returned an error: (404) Not Found."
PS>TerminatingError(Invoke-WebRequest): "The remote server returned an error: (404) Not Found."
PS>TerminatingError(Invoke-WebRequest): "The remote server returned an error: (404) Not Found."
PS>TerminatingError(Invoke-WebRequest): "The remote server returned an error: (404) Not Found."
PS>TerminatingError(Invoke-WebRequest): "The remote server returned an error: (404) Not Found."
PS>TerminatingError(Invoke-WebRequest): "The remote server returned an error: (404) Not Found."
PS>TerminatingError(Invoke-WebRequest): "The remote server returned an error: (404) Not Found."
PS>TerminatingError(Invoke-WebRequest): "The remote server returned an error: (404) Not Found."
Cached icons for 500 of 516 records...
PS>TerminatingError(Invoke-WebRequest): "The remote server returned an error: (404) Not Found."
PS>TerminatingError(Invoke-WebRequest): "The remote server returned an error: (404) Not Found."
PS>TerminatingError(Invoke-WebRequest): "The remote server returned an error: (404) Not Found."
PS>TerminatingError(Invoke-WebRequest): "The remote server returned an error: (404) Not Found."
PS>TerminatingError(Invoke-WebRequest): "The remote server returned an error: (404) Not Found."
PS>TerminatingError(Invoke-WebRequest): "The remote server returned an error: (404) Not Found."
PS>TerminatingError(Invoke-WebRequest): "The remote server returned an error: (404) Not Found."
PS>TerminatingError(Invoke-WebRequest): "The remote server returned an error: (404) Not Found."
PS>TerminatingError(Invoke-WebRequest): "The remote server returned an error: (404) Not Found."
PS>TerminatingError(Invoke-WebRequest): "The remote server returned an error: (404) Not Found."
PS>TerminatingError(Invoke-WebRequest): "The remote server returned an error: (404) Not Found."
PS>TerminatingError(Invoke-WebRequest): "The remote server returned an error: (404) Not Found."
PS>TerminatingError(Invoke-WebRequest): "The remote server returned an error: (404) Not Found."
PS>TerminatingError(Invoke-WebRequest): "The remote server returned an error: (404) Not Found."
PS>TerminatingError(Invoke-WebRequest): "The remote server returned an error: (404) Not Found."
PS>TerminatingError(Invoke-WebRequest): "The remote server returned an error: (404) Not Found."
PS>TerminatingError(Invoke-WebRequest): "The remote server returned an error: (404) Not Found."
PS>TerminatingError(Invoke-WebRequest): "The remote server returned an error: (404) Not Found."
PS>TerminatingError(Invoke-WebRequest): "The remote server returned an error: (404) Not Found."
PS>TerminatingError(Invoke-WebRequest): "The remote server returned an error: (404) Not Found."
PS>TerminatingError(Invoke-WebRequest): "The remote server returned an error: (404) Not Found."
PS>TerminatingError(Invoke-WebRequest): "The remote server returned an error: (404) Not Found."
PS>TerminatingError(Invoke-WebRequest): "The remote server returned an error: (404) Not Found."
PS>TerminatingError(Invoke-WebRequest): "The remote server returned an error: (404) Not Found."
PS>TerminatingError(Invoke-WebRequest): "The remote server returned an error: (404) Not Found."
PS>TerminatingError(Invoke-WebRequest): "The remote server returned an error: (404) Not Found."
PS>TerminatingError(Invoke-WebRequest): "The remote server returned an error: (404) Not Found."
PS>TerminatingError(Invoke-WebRequest): "The remote server returned an error: (404) Not Found."
PS>TerminatingError(Invoke-WebRequest): "The remote server returned an error: (404) Not Found."
PS>TerminatingError(Invoke-WebRequest): "The remote server returned an error: (404) Not Found."
PS>TerminatingError(Invoke-WebRequest): "The remote server returned an error: (404) Not Found."
PS>TerminatingError(Invoke-WebRequest): "The remote server returned an error: (404) Not Found."
Cached icons for 516 of 516 records...
sqlite3.exe not bundled; SQL import script created for optional SQLite generation.

SUCCESS: Published 516 verified items.
Database: E:\Downloads\Aegis\Aegis-Palworld-Suite-2.2.0-UI-and-Descriptions\Aegis-Palworld-Suite-2.2.0-UI-and-Descriptions\Database\items.json
Audit:    E:\Downloads\Aegis\Aegis-Palworld-Suite-2.2.0-UI-and-Descriptions\Aegis-Palworld-Suite-2.2.0-UI-and-Descriptions\Database\Palworld-Database-Audit.txt
**********************
Windows PowerShell transcript end
End time: 20260721232629
**********************
