**********************
Windows PowerShell transcript start
Start time: 20260722153827
Username: MX-WS01\Myron
RunAs User: MX-WS01\Myron
Configuration Name: 
Machine: MX-WS01 (Microsoft Windows NT 10.0.26200.0)
Host Application: C:\WINDOWS\System32\WindowsPowerShell\v1.0\powershell.exe -NoLogo -NoProfile -ExecutionPolicy Bypass -File E:\Downloads\Aegis\Aegis-Palworld-Suite-2.3.0-Full-Paldeck-Importer\Aegis-Palworld-Suite-2.3.0-Full-Paldeck-Importer\Engine\Update-PaldeckDatabase.ps1
Process ID: 19840
PSVersion: 5.1.26100.8875
PSEdition: Desktop
PSCompatibleVersions: 1.0, 2.0, 3.0, 4.0, 5.0, 5.1.26100.8875
BuildVersion: 10.0.26100.8875
CLRVersion: 4.0.30319.42000
WSManStackVersion: 3.0
PSRemotingProtocolVersion: 2.3
SerializationVersion: 1.1.0.1
**********************

Aegis Palworld Suite 2.0 Database Engine
Building a verified Paldeck-only database...
Using browser: C:\Program Files\Google\Chrome\Application\chrome.exe
Discovering all Paldeck item pages...
Reading the complete Paldeck HTML/application payload...
Scanning Paldeck sitemaps and the fully rendered item database...

  Raw HTML / embedded application data: 967
  Browser, sitemap, rendered DOM, Next.js payload and resources: 1822
  Existing verified local Asset IDs retained: 516
  Combined unique Paldeck item pages: 1825

Discovered 1825 unique item pages.
Opening each page and reading its actual Asset Name...
Parsed 25/1825 pages | Valid: 25 | Failed: 0
Parsed 50/1825 pages | Valid: 50 | Failed: 0
Parsed 75/1825 pages | Valid: 75 | Failed: 0
Parsed 100/1825 pages | Valid: 100 | Failed: 0
Parsed 125/1825 pages | Valid: 125 | Failed: 0
Parsed 150/1825 pages | Valid: 150 | Failed: 0
Parsed 175/1825 pages | Valid: 175 | Failed: 0
Parsed 200/1825 pages | Valid: 200 | Failed: 0
Parsed 225/1825 pages | Valid: 225 | Failed: 0
Parsed 250/1825 pages | Valid: 250 | Failed: 0
Parsed 275/1825 pages | Valid: 275 | Failed: 0
Parsed 300/1825 pages | Valid: 300 | Failed: 0
Parsed 325/1825 pages | Valid: 325 | Failed: 0
Parsed 350/1825 pages | Valid: 350 | Failed: 0
Parsed 375/1825 pages | Valid: 375 | Failed: 0
Parsed 400/1825 pages | Valid: 400 | Failed: 0
Parsed 425/1825 pages | Valid: 425 | Failed: 0
Parsed 450/1825 pages | Valid: 450 | Failed: 0
Parsed 475/1825 pages | Valid: 475 | Failed: 0
Parsed 500/1825 pages | Valid: 500 | Failed: 0
Parsed 525/1825 pages | Valid: 525 | Failed: 0
Parsed 550/1825 pages | Valid: 550 | Failed: 0
Parsed 575/1825 pages | Valid: 575 | Failed: 0
Parsed 600/1825 pages | Valid: 600 | Failed: 0
Parsed 625/1825 pages | Valid: 625 | Failed: 0
Parsed 650/1825 pages | Valid: 650 | Failed: 0
Parsed 675/1825 pages | Valid: 675 | Failed: 0
Parsed 700/1825 pages | Valid: 700 | Failed: 0
Parsed 725/1825 pages | Valid: 725 | Failed: 0
Parsed 750/1825 pages | Valid: 750 | Failed: 0
Parsed 775/1825 pages | Valid: 775 | Failed: 0
Parsed 800/1825 pages | Valid: 800 | Failed: 0
Parsed 825/1825 pages | Valid: 821 | Failed: 4
Parsed 850/1825 pages | Valid: 821 | Failed: 29
Parsed 875/1825 pages | Valid: 821 | Failed: 54
Parsed 900/1825 pages | Valid: 821 | Failed: 79
Parsed 925/1825 pages | Valid: 821 | Failed: 104
Parsed 950/1825 pages | Valid: 821 | Failed: 129
Parsed 975/1825 pages | Valid: 821 | Failed: 154
Parsed 1000/1825 pages | Valid: 821 | Failed: 179
Parsed 1025/1825 pages | Valid: 821 | Failed: 204
Parsed 1050/1825 pages | Valid: 821 | Failed: 229
Parsed 1075/1825 pages | Valid: 821 | Failed: 254
Parsed 1100/1825 pages | Valid: 821 | Failed: 279
Parsed 1125/1825 pages | Valid: 821 | Failed: 304
Parsed 1150/1825 pages | Valid: 821 | Failed: 329
Parsed 1175/1825 pages | Valid: 821 | Failed: 354
Parsed 1200/1825 pages | Valid: 821 | Failed: 379
Parsed 1225/1825 pages | Valid: 821 | Failed: 404
Parsed 1250/1825 pages | Valid: 821 | Failed: 429
Parsed 1275/1825 pages | Valid: 821 | Failed: 454
Parsed 1300/1825 pages | Valid: 821 | Failed: 479
Parsed 1325/1825 pages | Valid: 821 | Failed: 504
Parsed 1350/1825 pages | Valid: 821 | Failed: 529
Parsed 1375/1825 pages | Valid: 821 | Failed: 554
Parsed 1400/1825 pages | Valid: 821 | Failed: 579
Parsed 1425/1825 pages | Valid: 821 | Failed: 604
Parsed 1450/1825 pages | Valid: 821 | Failed: 629
Parsed 1475/1825 pages | Valid: 821 | Failed: 654
Parsed 1500/1825 pages | Valid: 821 | Failed: 679
Parsed 1525/1825 pages | Valid: 821 | Failed: 704
Parsed 1550/1825 pages | Valid: 821 | Failed: 729
Parsed 1575/1825 pages | Valid: 821 | Failed: 754
Parsed 1600/1825 pages | Valid: 821 | Failed: 779
Parsed 1625/1825 pages | Valid: 821 | Failed: 804
Parsed 1650/1825 pages | Valid: 821 | Failed: 829
Parsed 1675/1825 pages | Valid: 821 | Failed: 854
Parsed 1700/1825 pages | Valid: 821 | Failed: 879
Parsed 1725/1825 pages | Valid: 821 | Failed: 904
Parsed 1750/1825 pages | Valid: 833 | Failed: 917
Parsed 1775/1825 pages | Valid: 858 | Failed: 917
Parsed 1800/1825 pages | Valid: 883 | Failed: 917
Parsed 1825/1825 pages | Valid: 908 | Failed: 917
Parsed 908 candidate records.
Downloading and validating item icons...
PS>TerminatingError(Invoke-WebRequest): "The remote server returned an error: (404) Not Found."
PS>TerminatingError(Invoke-WebRequest): "The remote server returned an error: (404) Not Found."
Cached icons for 25 of 908 records...
PS>TerminatingError(Invoke-WebRequest): "The remote server returned an error: (404) Not Found."
PS>TerminatingError(Invoke-WebRequest): "The remote server returned an error: (404) Not Found."
Cached icons for 50 of 908 records...
PS>TerminatingError(Invoke-WebRequest): "The remote server returned an error: (404) Not Found."
PS>TerminatingError(Invoke-WebRequest): "The remote server returned an error: (404) Not Found."
PS>TerminatingError(Invoke-WebRequest): "The remote server returned an error: (404) Not Found."
PS>TerminatingError(Invoke-WebRequest): "The remote server returned an error: (404) Not Found."
PS>TerminatingError(Invoke-WebRequest): "The remote server returned an error: (404) Not Found."
PS>TerminatingError(Invoke-WebRequest): "The remote server returned an error: (404) Not Found."
PS>TerminatingError(Invoke-WebRequest): "The remote server returned an error: (404) Not Found."
PS>TerminatingError(Invoke-WebRequest): "The remote server returned an error: (404) Not Found."
Cached icons for 75 of 908 records...
PS>TerminatingError(Invoke-WebRequest): "The remote server returned an error: (404) Not Found."
PS>TerminatingError(Invoke-WebRequest): "The remote server returned an error: (404) Not Found."
PS>TerminatingError(Invoke-WebRequest): "The remote server returned an error: (404) Not Found."
PS>TerminatingError(Invoke-WebRequest): "The remote server returned an error: (404) Not Found."
PS>TerminatingError(Invoke-WebRequest): "The remote server returned an error: (404) Not Found."
PS>TerminatingError(Invoke-WebRequest): "The remote server returned an error: (404) Not Found."
PS>TerminatingError(Invoke-WebRequest): "The remote server returned an error: (404) Not Found."
PS>TerminatingError(Invoke-WebRequest): "The remote server returned an error: (404) Not Found."
PS>TerminatingError(Invoke-WebRequest): "The remote server returned an error: (404) Not Found."
PS>TerminatingError(Invoke-WebRequest): "The remote server returned an error: (404) Not Found."
Cached icons for 100 of 908 records...
PS>TerminatingError(Invoke-WebRequest): "The remote server returned an error: (404) Not Found."
PS>TerminatingError(Invoke-WebRequest): "The remote server returned an error: (404) Not Found."
PS>TerminatingError(Invoke-WebRequest): "The remote server returned an error: (404) Not Found."
PS>TerminatingError(Invoke-WebRequest): "The remote server returned an error: (404) Not Found."
PS>TerminatingError(Invoke-WebRequest): "The remote server returned an error: (404) Not Found."
PS>TerminatingError(Invoke-WebRequest): "The remote server returned an error: (404) Not Found."
PS>TerminatingError(Invoke-WebRequest): "The remote server returned an error: (404) Not Found."
PS>TerminatingError(Invoke-WebRequest): "The remote server returned an error: (404) Not Found."
PS>TerminatingError(Invoke-WebRequest): "The remote server returned an error: (404) Not Found."
PS>TerminatingError(Invoke-WebRequest): "The remote server returned an error: (404) Not Found."
PS>TerminatingError(Invoke-WebRequest): "The remote server returned an error: (404) Not Found."
PS>TerminatingError(Invoke-WebRequest): "The remote server returned an error: (404) Not Found."
PS>TerminatingError(Invoke-WebRequest): "The remote server returned an error: (404) Not Found."
PS>TerminatingError(Invoke-WebRequest): "The remote server returned an error: (404) Not Found."
PS>TerminatingError(Invoke-WebRequest): "The remote server returned an error: (404) Not Found."
PS>TerminatingError(Invoke-WebRequest): "The remote server returned an error: (404) Not Found."
PS>TerminatingError(Invoke-WebRequest): "The remote server returned an error: (404) Not Found."
PS>TerminatingError(Invoke-WebRequest): "The remote server returned an error: (404) Not Found."
PS>TerminatingError(Invoke-WebRequest): "The remote server returned an error: (404) Not Found."
PS>TerminatingError(Invoke-WebRequest): "The remote server returned an error: (404) Not Found."
PS>TerminatingError(Invoke-WebRequest): "The remote server returned an error: (404) Not Found."
PS>TerminatingError(Invoke-WebRequest): "The remote server returned an error: (404) Not Found."
PS>TerminatingError(Invoke-WebRequest): "The remote server returned an error: (404) Not Found."
PS>TerminatingError(Invoke-WebRequest): "The remote server returned an error: (404) Not Found."
PS>TerminatingError(Invoke-WebRequest): "The remote server returned an error: (404) Not Found."
PS>TerminatingError(Invoke-WebRequest): "The remote server returned an error: (404) Not Found."
PS>TerminatingError(Invoke-WebRequest): "The remote server returned an error: (404) Not Found."
PS>TerminatingError(Invoke-WebRequest): "The remote server returned an error: (404) Not Found."
PS>TerminatingError(Invoke-WebRequest): "The remote server returned an error: (404) Not Found."
PS>TerminatingError(Invoke-WebRequest): "The remote server returned an error: (404) Not Found."
PS>TerminatingError(Invoke-WebRequest): "The remote server returned an error: (404) Not Found."
PS>TerminatingError(Invoke-WebRequest): "The remote server returned an error: (404) Not Found."
PS>TerminatingError(Invoke-WebRequest): "The remote server returned an error: (404) Not Found."
PS>TerminatingError(Invoke-WebRequest): "The remote server returned an error: (404) Not Found."
PS>TerminatingError(Invoke-WebRequest): "The remote server returned an error: (404) Not Found."
PS>TerminatingError(Invoke-WebRequest): "The remote server returned an error: (404) Not Found."
PS>TerminatingError(Invoke-WebRequest): "The remote server returned an error: (404) Not Found."
PS>TerminatingError(Invoke-WebRequest): "The remote server returned an error: (404) Not Found."
Cached icons for 125 of 908 records...
PS>TerminatingError(Invoke-WebRequest): "The remote server returned an error: (404) Not Found."
PS>TerminatingError(Invoke-WebRequest): "The remote server returned an error: (404) Not Found."
PS>TerminatingError(Invoke-WebRequest): "The remote server returned an error: (404) Not Found."
PS>TerminatingError(Invoke-WebRequest): "The remote server returned an error: (404) Not Found."
PS>TerminatingError(Invoke-WebRequest): "The remote server returned an error: (404) Not Found."
PS>TerminatingError(Invoke-WebRequest): "The remote server returned an error: (404) Not Found."
PS>TerminatingError(Invoke-WebRequest): "The remote server returned an error: (404) Not Found."
PS>TerminatingError(Invoke-WebRequest): "The remote server returned an error: (404) Not Found."
PS>TerminatingError(Invoke-WebRequest): "The remote server returned an error: (404) Not Found."
PS>TerminatingError(Invoke-WebRequest): "The remote server returned an error: (404) Not Found."
PS>TerminatingError(Invoke-WebRequest): "The remote server returned an error: (404) Not Found."
PS>TerminatingError(Invoke-WebRequest): "The remote server returned an error: (404) Not Found."
PS>TerminatingError(Invoke-WebRequest): "The remote server returned an error: (404) Not Found."
PS>TerminatingError(Invoke-WebRequest): "The remote server returned an error: (404) Not Found."
PS>TerminatingError(Invoke-WebRequest): "The remote server returned an error: (404) Not Found."
PS>TerminatingError(Invoke-WebRequest): "The remote server returned an error: (404) Not Found."
PS>TerminatingError(Invoke-WebRequest): "The remote server returned an error: (404) Not Found."
PS>TerminatingError(Invoke-WebRequest): "The remote server returned an error: (404) Not Found."
PS>TerminatingError(Invoke-WebRequest): "The remote server returned an error: (404) Not Found."
PS>TerminatingError(Invoke-WebRequest): "The remote server returned an error: (404) Not Found."
PS>TerminatingError(Invoke-WebRequest): "The remote server returned an error: (404) Not Found."
PS>TerminatingError(Invoke-WebRequest): "The remote server returned an error: (404) Not Found."
PS>TerminatingError(Invoke-WebRequest): "The remote server returned an error: (404) Not Found."
PS>TerminatingError(Invoke-WebRequest): "The remote server returned an error: (404) Not Found."
PS>TerminatingError(Invoke-WebRequest): "The remote server returned an error: (404) Not Found."
PS>TerminatingError(Invoke-WebRequest): "The remote server returned an error: (404) Not Found."
PS>TerminatingError(Invoke-WebRequest): "The remote server returned an error: (404) Not Found."
PS>TerminatingError(Invoke-WebRequest): "The remote server returned an error: (404) Not Found."
PS>TerminatingError(Invoke-WebRequest): "The remote server returned an error: (404) Not Found."
PS>TerminatingError(Invoke-WebRequest): "The remote server returned an error: (404) Not Found."
PS>TerminatingError(Invoke-WebRequest): "The remote server returned an error: (404) Not Found."
PS>TerminatingError(Invoke-WebRequest): "The remote server returned an error: (404) Not Found."
PS>TerminatingError(Invoke-WebRequest): "The remote server returned an error: (404) Not Found."
PS>TerminatingError(Invoke-WebRequest): "The remote server returned an error: (404) Not Found."
PS>TerminatingError(Invoke-WebRequest): "The remote server returned an error: (404) Not Found."
PS>TerminatingError(Invoke-WebRequest): "The remote server returned an error: (404) Not Found."
PS>TerminatingError(Invoke-WebRequest): "The remote server returned an error: (404) Not Found."
PS>TerminatingError(Invoke-WebRequest): "The remote server returned an error: (404) Not Found."
PS>TerminatingError(Invoke-WebRequest): "The remote server returned an error: (404) Not Found."
PS>TerminatingError(Invoke-WebRequest): "The remote server returned an error: (404) Not Found."
PS>TerminatingError(Invoke-WebRequest): "The remote server returned an error: (404) Not Found."
PS>TerminatingError(Invoke-WebRequest): "The remote server returned an error: (404) Not Found."
PS>TerminatingError(Invoke-WebRequest): "The remote server returned an error: (404) Not Found."
PS>TerminatingError(Invoke-WebRequest): "The remote server returned an error: (404) Not Found."
Cached icons for 150 of 908 records...
PS>TerminatingError(Invoke-WebRequest): "The remote server returned an error: (404) Not Found."
PS>TerminatingError(Invoke-WebRequest): "The remote server returned an error: (404) Not Found."
PS>TerminatingError(Invoke-WebRequest): "The remote server returned an error: (404) Not Found."
PS>TerminatingError(Invoke-WebRequest): "The remote server returned an error: (404) Not Found."
PS>TerminatingError(Invoke-WebRequest): "The remote server returned an error: (404) Not Found."
PS>TerminatingError(Invoke-WebRequest): "The remote server returned an error: (404) Not Found."
PS>TerminatingError(Invoke-WebRequest): "The remote server returned an error: (404) Not Found."
PS>TerminatingError(Invoke-WebRequest): "The remote server returned an error: (404) Not Found."
PS>TerminatingError(Invoke-WebRequest): "The remote server returned an error: (404) Not Found."
PS>TerminatingError(Invoke-WebRequest): "The remote server returned an error: (404) Not Found."
PS>TerminatingError(Invoke-WebRequest): "The remote server returned an error: (404) Not Found."
PS>TerminatingError(Invoke-WebRequest): "The remote server returned an error: (404) Not Found."
PS>TerminatingError(Invoke-WebRequest): "The remote server returned an error: (404) Not Found."
PS>TerminatingError(Invoke-WebRequest): "The remote server returned an error: (404) Not Found."
PS>TerminatingError(Invoke-WebRequest): "The remote server returned an error: (404) Not Found."
PS>TerminatingError(Invoke-WebRequest): "The remote server returned an error: (404) Not Found."
PS>TerminatingError(Invoke-WebRequest): "The remote server returned an error: (404) Not Found."
PS>TerminatingError(Invoke-WebRequest): "The remote server returned an error: (404) Not Found."
PS>TerminatingError(Invoke-WebRequest): "The remote server returned an error: (404) Not Found."
PS>TerminatingError(Invoke-WebRequest): "The remote server returned an error: (404) Not Found."
PS>TerminatingError(Invoke-WebRequest): "The remote server returned an error: (404) Not Found."
PS>TerminatingError(Invoke-WebRequest): "The remote server returned an error: (404) Not Found."
PS>TerminatingError(Invoke-WebRequest): "The remote server returned an error: (404) Not Found."
PS>TerminatingError(Invoke-WebRequest): "The remote server returned an error: (404) Not Found."
PS>TerminatingError(Invoke-WebRequest): "The remote server returned an error: (404) Not Found."
PS>TerminatingError(Invoke-WebRequest): "The remote server returned an error: (404) Not Found."
PS>TerminatingError(Invoke-WebRequest): "The remote server returned an error: (404) Not Found."
PS>TerminatingError(Invoke-WebRequest): "The remote server returned an error: (404) Not Found."
Cached icons for 175 of 908 records...
PS>TerminatingError(Invoke-WebRequest): "The remote server returned an error: (404) Not Found."
PS>TerminatingError(Invoke-WebRequest): "The remote server returned an error: (404) Not Found."
PS>TerminatingError(Invoke-WebRequest): "The remote server returned an error: (404) Not Found."
PS>TerminatingError(Invoke-WebRequest): "The remote server returned an error: (404) Not Found."
PS>TerminatingError(Invoke-WebRequest): "The remote server returned an error: (404) Not Found."
PS>TerminatingError(Invoke-WebRequest): "The remote server returned an error: (404) Not Found."
PS>TerminatingError(Invoke-WebRequest): "The remote server returned an error: (404) Not Found."
PS>TerminatingError(Invoke-WebRequest): "The remote server returned an error: (404) Not Found."
PS>TerminatingError(Invoke-WebRequest): "The remote server returned an error: (404) Not Found."
PS>TerminatingError(Invoke-WebRequest): "The remote server returned an error: (404) Not Found."
PS>TerminatingError(Invoke-WebRequest): "The remote server returned an error: (404) Not Found."
PS>TerminatingError(Invoke-WebRequest): "The remote server returned an error: (404) Not Found."
PS>TerminatingError(Invoke-WebRequest): "The remote server returned an error: (404) Not Found."
PS>TerminatingError(Invoke-WebRequest): "The remote server returned an error: (404) Not Found."
PS>TerminatingError(Invoke-WebRequest): "The remote server returned an error: (404) Not Found."
PS>TerminatingError(Invoke-WebRequest): "The remote server returned an error: (404) Not Found."
PS>TerminatingError(Invoke-WebRequest): "The remote server returned an error: (404) Not Found."
PS>TerminatingError(Invoke-WebRequest): "The remote server returned an error: (404) Not Found."
PS>TerminatingError(Invoke-WebRequest): "The remote server returned an error: (404) Not Found."
PS>TerminatingError(Invoke-WebRequest): "The remote server returned an error: (404) Not Found."
PS>TerminatingError(Invoke-WebRequest): "The remote server returned an error: (404) Not Found."
PS>TerminatingError(Invoke-WebRequest): "The remote server returned an error: (404) Not Found."
PS>TerminatingError(Invoke-WebRequest): "The remote server returned an error: (404) Not Found."
PS>TerminatingError(Invoke-WebRequest): "The remote server returned an error: (404) Not Found."
PS>TerminatingError(Invoke-WebRequest): "The remote server returned an error: (404) Not Found."
PS>TerminatingError(Invoke-WebRequest): "The remote server returned an error: (404) Not Found."
PS>TerminatingError(Invoke-WebRequest): "The remote server returned an error: (404) Not Found."
PS>TerminatingError(Invoke-WebRequest): "The remote server returned an error: (404) Not Found."
PS>TerminatingError(Invoke-WebRequest): "The remote server returned an error: (404) Not Found."
PS>TerminatingError(Invoke-WebRequest): "The remote server returned an error: (404) Not Found."
Cached icons for 200 of 908 records...
PS>TerminatingError(Invoke-WebRequest): "The remote server returned an error: (404) Not Found."
PS>TerminatingError(Invoke-WebRequest): "The remote server returned an error: (404) Not Found."
PS>TerminatingError(Invoke-WebRequest): "The remote server returned an error: (404) Not Found."
PS>TerminatingError(Invoke-WebRequest): "The remote server returned an error: (404) Not Found."
PS>TerminatingError(Invoke-WebRequest): "The remote server returned an error: (404) Not Found."
PS>TerminatingError(Invoke-WebRequest): "The remote server returned an error: (404) Not Found."
PS>TerminatingError(Invoke-WebRequest): "The remote server returned an error: (404) Not Found."
PS>TerminatingError(Invoke-WebRequest): "The remote server returned an error: (404) Not Found."
PS>TerminatingError(Invoke-WebRequest): "The remote server returned an error: (404) Not Found."
PS>TerminatingError(Invoke-WebRequest): "The remote server returned an error: (404) Not Found."
PS>TerminatingError(Invoke-WebRequest): "The remote server returned an error: (404) Not Found."
PS>TerminatingError(Invoke-WebRequest): "The remote server returned an error: (404) Not Found."
PS>TerminatingError(Invoke-WebRequest): "The remote server returned an error: (404) Not Found."
PS>TerminatingError(Invoke-WebRequest): "The remote server returned an error: (404) Not Found."
PS>TerminatingError(Invoke-WebRequest): "The remote server returned an error: (404) Not Found."
PS>TerminatingError(Invoke-WebRequest): "The remote server returned an error: (404) Not Found."
Cached icons for 225 of 908 records...
PS>TerminatingError(Invoke-WebRequest): "The remote server returned an error: (404) Not Found."
PS>TerminatingError(Invoke-WebRequest): "The remote server returned an error: (404) Not Found."
PS>TerminatingError(Invoke-WebRequest): "The remote server returned an error: (404) Not Found."
PS>TerminatingError(Invoke-WebRequest): "The remote server returned an error: (404) Not Found."
PS>TerminatingError(Invoke-WebRequest): "The remote server returned an error: (404) Not Found."
PS>TerminatingError(Invoke-WebRequest): "The remote server returned an error: (404) Not Found."
Cached icons for 250 of 908 records...
PS>TerminatingError(Invoke-WebRequest): "The remote server returned an error: (404) Not Found."
PS>TerminatingError(Invoke-WebRequest): "The remote server returned an error: (404) Not Found."
Cached icons for 275 of 908 records...
PS>TerminatingError(Invoke-WebRequest): "The remote server returned an error: (404) Not Found."
PS>TerminatingError(Invoke-WebRequest): "The remote server returned an error: (404) Not Found."
PS>TerminatingError(Invoke-WebRequest): "The remote server returned an error: (404) Not Found."
PS>TerminatingError(Invoke-WebRequest): "The remote server returned an error: (404) Not Found."
PS>TerminatingError(Invoke-WebRequest): "The remote server returned an error: (404) Not Found."
PS>TerminatingError(Invoke-WebRequest): "The remote server returned an error: (404) Not Found."
PS>TerminatingError(Invoke-WebRequest): "The remote server returned an error: (404) Not Found."
PS>TerminatingError(Invoke-WebRequest): "The remote server returned an error: (404) Not Found."
PS>TerminatingError(Invoke-WebRequest): "The remote server returned an error: (404) Not Found."
PS>TerminatingError(Invoke-WebRequest): "The remote server returned an error: (404) Not Found."
PS>TerminatingError(Invoke-WebRequest): "The remote server returned an error: (404) Not Found."
PS>TerminatingError(Invoke-WebRequest): "The remote server returned an error: (404) Not Found."
PS>TerminatingError(Invoke-WebRequest): "The remote server returned an error: (404) Not Found."
PS>TerminatingError(Invoke-WebRequest): "The remote server returned an error: (404) Not Found."
PS>TerminatingError(Invoke-WebRequest): "The remote server returned an error: (404) Not Found."
PS>TerminatingError(Invoke-WebRequest): "The remote server returned an error: (404) Not Found."
PS>TerminatingError(Invoke-WebRequest): "The remote server returned an error: (404) Not Found."
PS>TerminatingError(Invoke-WebRequest): "The remote server returned an error: (404) Not Found."
PS>TerminatingError(Invoke-WebRequest): "The remote server returned an error: (404) Not Found."
PS>TerminatingError(Invoke-WebRequest): "The remote server returned an error: (404) Not Found."
Cached icons for 300 of 908 records...
PS>TerminatingError(Invoke-WebRequest): "The remote server returned an error: (404) Not Found."
PS>TerminatingError(Invoke-WebRequest): "The remote server returned an error: (404) Not Found."
PS>TerminatingError(Invoke-WebRequest): "The remote server returned an error: (404) Not Found."
PS>TerminatingError(Invoke-WebRequest): "The remote server returned an error: (404) Not Found."
PS>TerminatingError(Invoke-WebRequest): "The remote server returned an error: (404) Not Found."
PS>TerminatingError(Invoke-WebRequest): "The remote server returned an error: (404) Not Found."
PS>TerminatingError(Invoke-WebRequest): "The remote server returned an error: (404) Not Found."
PS>TerminatingError(Invoke-WebRequest): "The remote server returned an error: (404) Not Found."
PS>TerminatingError(Invoke-WebRequest): "The remote server returned an error: (404) Not Found."
PS>TerminatingError(Invoke-WebRequest): "The remote server returned an error: (404) Not Found."
PS>TerminatingError(Invoke-WebRequest): "The remote server returned an error: (404) Not Found."
PS>TerminatingError(Invoke-WebRequest): "The remote server returned an error: (404) Not Found."
PS>TerminatingError(Invoke-WebRequest): "The remote server returned an error: (404) Not Found."
PS>TerminatingError(Invoke-WebRequest): "The remote server returned an error: (404) Not Found."
PS>TerminatingError(Invoke-WebRequest): "The remote server returned an error: (404) Not Found."
PS>TerminatingError(Invoke-WebRequest): "The remote server returned an error: (404) Not Found."
PS>TerminatingError(Invoke-WebRequest): "The remote server returned an error: (404) Not Found."
PS>TerminatingError(Invoke-WebRequest): "The remote server returned an error: (404) Not Found."
PS>TerminatingError(Invoke-WebRequest): "The remote server returned an error: (404) Not Found."
PS>TerminatingError(Invoke-WebRequest): "The remote server returned an error: (404) Not Found."
PS>TerminatingError(Invoke-WebRequest): "The remote server returned an error: (404) Not Found."
PS>TerminatingError(Invoke-WebRequest): "The remote server returned an error: (404) Not Found."
PS>TerminatingError(Invoke-WebRequest): "The remote server returned an error: (404) Not Found."
PS>TerminatingError(Invoke-WebRequest): "The remote server returned an error: (404) Not Found."
PS>TerminatingError(Invoke-WebRequest): "The remote server returned an error: (404) Not Found."
PS>TerminatingError(Invoke-WebRequest): "The remote server returned an error: (404) Not Found."
PS>TerminatingError(Invoke-WebRequest): "The remote server returned an error: (404) Not Found."
PS>TerminatingError(Invoke-WebRequest): "The remote server returned an error: (404) Not Found."
PS>TerminatingError(Invoke-WebRequest): "The remote server returned an error: (404) Not Found."
PS>TerminatingError(Invoke-WebRequest): "The remote server returned an error: (404) Not Found."
PS>TerminatingError(Invoke-WebRequest): "The remote server returned an error: (404) Not Found."
PS>TerminatingError(Invoke-WebRequest): "The remote server returned an error: (404) Not Found."
Cached icons for 325 of 908 records...
PS>TerminatingError(Invoke-WebRequest): "The remote server returned an error: (404) Not Found."
PS>TerminatingError(Invoke-WebRequest): "The remote server returned an error: (404) Not Found."
PS>TerminatingError(Invoke-WebRequest): "The remote server returned an error: (404) Not Found."
PS>TerminatingError(Invoke-WebRequest): "The remote server returned an error: (404) Not Found."
PS>TerminatingError(Invoke-WebRequest): "The remote server returned an error: (404) Not Found."
PS>TerminatingError(Invoke-WebRequest): "The remote server returned an error: (404) Not Found."
Cached icons for 350 of 908 records...
PS>TerminatingError(Invoke-WebRequest): "The remote server returned an error: (404) Not Found."
PS>TerminatingError(Invoke-WebRequest): "The remote server returned an error: (404) Not Found."
PS>TerminatingError(Invoke-WebRequest): "The remote server returned an error: (404) Not Found."
PS>TerminatingError(Invoke-WebRequest): "The remote server returned an error: (404) Not Found."
PS>TerminatingError(Invoke-WebRequest): "The remote server returned an error: (404) Not Found."
PS>TerminatingError(Invoke-WebRequest): "The remote server returned an error: (404) Not Found."
PS>TerminatingError(Invoke-WebRequest): "The remote server returned an error: (404) Not Found."
PS>TerminatingError(Invoke-WebRequest): "The remote server returned an error: (404) Not Found."
PS>TerminatingError(Invoke-WebRequest): "The remote server returned an error: (404) Not Found."
PS>TerminatingError(Invoke-WebRequest): "The remote server returned an error: (404) Not Found."
PS>TerminatingError(Invoke-WebRequest): "The remote server returned an error: (404) Not Found."
PS>TerminatingError(Invoke-WebRequest): "The remote server returned an error: (404) Not Found."
PS>TerminatingError(Invoke-WebRequest): "The remote server returned an error: (404) Not Found."
PS>TerminatingError(Invoke-WebRequest): "The remote server returned an error: (404) Not Found."
PS>TerminatingError(Invoke-WebRequest): "The remote server returned an error: (404) Not Found."
PS>TerminatingError(Invoke-WebRequest): "The remote server returned an error: (404) Not Found."
Cached icons for 375 of 908 records...
PS>TerminatingError(Invoke-WebRequest): "The remote server returned an error: (404) Not Found."
PS>TerminatingError(Invoke-WebRequest): "The remote server returned an error: (404) Not Found."
PS>TerminatingError(Invoke-WebRequest): "The remote server returned an error: (404) Not Found."
PS>TerminatingError(Invoke-WebRequest): "The remote server returned an error: (404) Not Found."
PS>TerminatingError(Invoke-WebRequest): "The remote server returned an error: (404) Not Found."
PS>TerminatingError(Invoke-WebRequest): "The remote server returned an error: (404) Not Found."
PS>TerminatingError(Invoke-WebRequest): "The remote server returned an error: (404) Not Found."
PS>TerminatingError(Invoke-WebRequest): "The remote server returned an error: (404) Not Found."
PS>TerminatingError(Invoke-WebRequest): "The remote server returned an error: (404) Not Found."
PS>TerminatingError(Invoke-WebRequest): "The remote server returned an error: (404) Not Found."
PS>TerminatingError(Invoke-WebRequest): "The remote server returned an error: (404) Not Found."
PS>TerminatingError(Invoke-WebRequest): "The remote server returned an error: (404) Not Found."
PS>TerminatingError(Invoke-WebRequest): "The remote server returned an error: (404) Not Found."
PS>TerminatingError(Invoke-WebRequest): "The remote server returned an error: (404) Not Found."
PS>TerminatingError(Invoke-WebRequest): "The remote server returned an error: (404) Not Found."
PS>TerminatingError(Invoke-WebRequest): "The remote server returned an error: (404) Not Found."
PS>TerminatingError(Invoke-WebRequest): "The remote server returned an error: (404) Not Found."
PS>TerminatingError(Invoke-WebRequest): "The remote server returned an error: (404) Not Found."
PS>TerminatingError(Invoke-WebRequest): "The remote server returned an error: (404) Not Found."
PS>TerminatingError(Invoke-WebRequest): "The remote server returned an error: (404) Not Found."
PS>TerminatingError(Invoke-WebRequest): "The remote server returned an error: (404) Not Found."
PS>TerminatingError(Invoke-WebRequest): "The remote server returned an error: (404) Not Found."
PS>TerminatingError(Invoke-WebRequest): "The remote server returned an error: (404) Not Found."
PS>TerminatingError(Invoke-WebRequest): "The remote server returned an error: (404) Not Found."
PS>TerminatingError(Invoke-WebRequest): "The remote server returned an error: (404) Not Found."
PS>TerminatingError(Invoke-WebRequest): "The remote server returned an error: (404) Not Found."
PS>TerminatingError(Invoke-WebRequest): "The remote server returned an error: (404) Not Found."
PS>TerminatingError(Invoke-WebRequest): "The remote server returned an error: (404) Not Found."
PS>TerminatingError(Invoke-WebRequest): "The remote server returned an error: (404) Not Found."
PS>TerminatingError(Invoke-WebRequest): "The remote server returned an error: (404) Not Found."
Cached icons for 400 of 908 records...
PS>TerminatingError(Invoke-WebRequest): "The remote server returned an error: (404) Not Found."
PS>TerminatingError(Invoke-WebRequest): "The remote server returned an error: (404) Not Found."
PS>TerminatingError(Invoke-WebRequest): "The remote server returned an error: (404) Not Found."
PS>TerminatingError(Invoke-WebRequest): "The remote server returned an error: (404) Not Found."
PS>TerminatingError(Invoke-WebRequest): "The remote server returned an error: (404) Not Found."
PS>TerminatingError(Invoke-WebRequest): "The remote server returned an error: (404) Not Found."
PS>TerminatingError(Invoke-WebRequest): "The remote server returned an error: (404) Not Found."
PS>TerminatingError(Invoke-WebRequest): "The remote server returned an error: (404) Not Found."
PS>TerminatingError(Invoke-WebRequest): "The remote server returned an error: (404) Not Found."
PS>TerminatingError(Invoke-WebRequest): "The remote server returned an error: (404) Not Found."
PS>TerminatingError(Invoke-WebRequest): "The remote server returned an error: (404) Not Found."
PS>TerminatingError(Invoke-WebRequest): "The remote server returned an error: (404) Not Found."
PS>TerminatingError(Invoke-WebRequest): "The remote server returned an error: (404) Not Found."
PS>TerminatingError(Invoke-WebRequest): "The remote server returned an error: (404) Not Found."
PS>TerminatingError(Invoke-WebRequest): "The remote server returned an error: (404) Not Found."
PS>TerminatingError(Invoke-WebRequest): "The remote server returned an error: (404) Not Found."
PS>TerminatingError(Invoke-WebRequest): "The remote server returned an error: (404) Not Found."
PS>TerminatingError(Invoke-WebRequest): "The remote server returned an error: (404) Not Found."
PS>TerminatingError(Invoke-WebRequest): "The remote server returned an error: (404) Not Found."
PS>TerminatingError(Invoke-WebRequest): "The remote server returned an error: (404) Not Found."
PS>TerminatingError(Invoke-WebRequest): "The remote server returned an error: (404) Not Found."
PS>TerminatingError(Invoke-WebRequest): "The remote server returned an error: (404) Not Found."
PS>TerminatingError(Invoke-WebRequest): "The remote server returned an error: (404) Not Found."
PS>TerminatingError(Invoke-WebRequest): "The remote server returned an error: (404) Not Found."
PS>TerminatingError(Invoke-WebRequest): "The remote server returned an error: (404) Not Found."
PS>TerminatingError(Invoke-WebRequest): "The remote server returned an error: (404) Not Found."
PS>TerminatingError(Invoke-WebRequest): "The remote server returned an error: (404) Not Found."
PS>TerminatingError(Invoke-WebRequest): "The remote server returned an error: (404) Not Found."
PS>TerminatingError(Invoke-WebRequest): "The remote server returned an error: (404) Not Found."
PS>TerminatingError(Invoke-WebRequest): "The remote server returned an error: (404) Not Found."
PS>TerminatingError(Invoke-WebRequest): "The remote server returned an error: (404) Not Found."
PS>TerminatingError(Invoke-WebRequest): "The remote server returned an error: (404) Not Found."
PS>TerminatingError(Invoke-WebRequest): "The remote server returned an error: (404) Not Found."
PS>TerminatingError(Invoke-WebRequest): "The remote server returned an error: (404) Not Found."
PS>TerminatingError(Invoke-WebRequest): "The remote server returned an error: (404) Not Found."
PS>TerminatingError(Invoke-WebRequest): "The remote server returned an error: (404) Not Found."
PS>TerminatingError(Invoke-WebRequest): "The remote server returned an error: (404) Not Found."
PS>TerminatingError(Invoke-WebRequest): "The remote server returned an error: (404) Not Found."
PS>TerminatingError(Invoke-WebRequest): "The remote server returned an error: (404) Not Found."
PS>TerminatingError(Invoke-WebRequest): "The remote server returned an error: (404) Not Found."
PS>TerminatingError(Invoke-WebRequest): "The remote server returned an error: (404) Not Found."
PS>TerminatingError(Invoke-WebRequest): "The remote server returned an error: (404) Not Found."
PS>TerminatingError(Invoke-WebRequest): "The remote server returned an error: (404) Not Found."
PS>TerminatingError(Invoke-WebRequest): "The remote server returned an error: (404) Not Found."
PS>TerminatingError(Invoke-WebRequest): "The remote server returned an error: (404) Not Found."
PS>TerminatingError(Invoke-WebRequest): "The remote server returned an error: (404) Not Found."
PS>TerminatingError(Invoke-WebRequest): "The remote server returned an error: (404) Not Found."
PS>TerminatingError(Invoke-WebRequest): "The remote server returned an error: (404) Not Found."
PS>TerminatingError(Invoke-WebRequest): "The remote server returned an error: (404) Not Found."
PS>TerminatingError(Invoke-WebRequest): "The remote server returned an error: (404) Not Found."
Cached icons for 425 of 908 records...
PS>TerminatingError(Invoke-WebRequest): "The remote server returned an error: (404) Not Found."
PS>TerminatingError(Invoke-WebRequest): "The remote server returned an error: (404) Not Found."
PS>TerminatingError(Invoke-WebRequest): "The remote server returned an error: (404) Not Found."
PS>TerminatingError(Invoke-WebRequest): "The remote server returned an error: (404) Not Found."
PS>TerminatingError(Invoke-WebRequest): "The remote server returned an error: (404) Not Found."
PS>TerminatingError(Invoke-WebRequest): "The remote server returned an error: (404) Not Found."
PS>TerminatingError(Invoke-WebRequest): "The remote server returned an error: (404) Not Found."
PS>TerminatingError(Invoke-WebRequest): "The remote server returned an error: (404) Not Found."
PS>TerminatingError(Invoke-WebRequest): "The remote server returned an error: (404) Not Found."
PS>TerminatingError(Invoke-WebRequest): "The remote server returned an error: (404) Not Found."
PS>TerminatingError(Invoke-WebRequest): "The remote server returned an error: (404) Not Found."
PS>TerminatingError(Invoke-WebRequest): "The remote server returned an error: (404) Not Found."
PS>TerminatingError(Invoke-WebRequest): "The remote server returned an error: (404) Not Found."
PS>TerminatingError(Invoke-WebRequest): "The remote server returned an error: (404) Not Found."
PS>TerminatingError(Invoke-WebRequest): "The remote server returned an error: (404) Not Found."
PS>TerminatingError(Invoke-WebRequest): "The remote server returned an error: (404) Not Found."
PS>TerminatingError(Invoke-WebRequest): "The remote server returned an error: (404) Not Found."
PS>TerminatingError(Invoke-WebRequest): "The remote server returned an error: (404) Not Found."
PS>TerminatingError(Invoke-WebRequest): "The remote server returned an error: (404) Not Found."
PS>TerminatingError(Invoke-WebRequest): "The remote server returned an error: (404) Not Found."
PS>TerminatingError(Invoke-WebRequest): "The remote server returned an error: (404) Not Found."
PS>TerminatingError(Invoke-WebRequest): "The remote server returned an error: (404) Not Found."
PS>TerminatingError(Invoke-WebRequest): "The remote server returned an error: (404) Not Found."
PS>TerminatingError(Invoke-WebRequest): "The remote server returned an error: (404) Not Found."
Cached icons for 450 of 908 records...
PS>TerminatingError(Invoke-WebRequest): "The remote server returned an error: (404) Not Found."
PS>TerminatingError(Invoke-WebRequest): "The remote server returned an error: (404) Not Found."
PS>TerminatingError(Invoke-WebRequest): "The remote server returned an error: (404) Not Found."
PS>TerminatingError(Invoke-WebRequest): "The remote server returned an error: (404) Not Found."
PS>TerminatingError(Invoke-WebRequest): "The remote server returned an error: (404) Not Found."
PS>TerminatingError(Invoke-WebRequest): "The remote server returned an error: (404) Not Found."
PS>TerminatingError(Invoke-WebRequest): "The remote server returned an error: (404) Not Found."
PS>TerminatingError(Invoke-WebRequest): "The remote server returned an error: (404) Not Found."
PS>TerminatingError(Invoke-WebRequest): "The remote server returned an error: (404) Not Found."
PS>TerminatingError(Invoke-WebRequest): "The remote server returned an error: (404) Not Found."
PS>TerminatingError(Invoke-WebRequest): "The remote server returned an error: (404) Not Found."
PS>TerminatingError(Invoke-WebRequest): "The remote server returned an error: (404) Not Found."
PS>TerminatingError(Invoke-WebRequest): "The remote server returned an error: (404) Not Found."
PS>TerminatingError(Invoke-WebRequest): "The remote server returned an error: (404) Not Found."
PS>TerminatingError(Invoke-WebRequest): "The remote server returned an error: (404) Not Found."
PS>TerminatingError(Invoke-WebRequest): "The remote server returned an error: (404) Not Found."
PS>TerminatingError(Invoke-WebRequest): "The remote server returned an error: (404) Not Found."
PS>TerminatingError(Invoke-WebRequest): "The remote server returned an error: (404) Not Found."
PS>TerminatingError(Invoke-WebRequest): "The remote server returned an error: (404) Not Found."
PS>TerminatingError(Invoke-WebRequest): "The remote server returned an error: (404) Not Found."
PS>TerminatingError(Invoke-WebRequest): "The remote server returned an error: (404) Not Found."
PS>TerminatingError(Invoke-WebRequest): "The remote server returned an error: (404) Not Found."
PS>TerminatingError(Invoke-WebRequest): "The remote server returned an error: (404) Not Found."
PS>TerminatingError(Invoke-WebRequest): "The remote server returned an error: (404) Not Found."
Cached icons for 475 of 908 records...
PS>TerminatingError(Invoke-WebRequest): "The remote server returned an error: (404) Not Found."
PS>TerminatingError(Invoke-WebRequest): "The remote server returned an error: (404) Not Found."
PS>TerminatingError(Invoke-WebRequest): "The remote server returned an error: (404) Not Found."
PS>TerminatingError(Invoke-WebRequest): "The remote server returned an error: (404) Not Found."
PS>TerminatingError(Invoke-WebRequest): "The remote server returned an error: (404) Not Found."
PS>TerminatingError(Invoke-WebRequest): "The remote server returned an error: (404) Not Found."
PS>TerminatingError(Invoke-WebRequest): "The remote server returned an error: (404) Not Found."
PS>TerminatingError(Invoke-WebRequest): "The remote server returned an error: (404) Not Found."
PS>TerminatingError(Invoke-WebRequest): "The remote server returned an error: (404) Not Found."
PS>TerminatingError(Invoke-WebRequest): "The remote server returned an error: (404) Not Found."
PS>TerminatingError(Invoke-WebRequest): "The remote server returned an error: (404) Not Found."
PS>TerminatingError(Invoke-WebRequest): "The remote server returned an error: (404) Not Found."
PS>TerminatingError(Invoke-WebRequest): "The remote server returned an error: (404) Not Found."
PS>TerminatingError(Invoke-WebRequest): "The remote server returned an error: (404) Not Found."
Cached icons for 500 of 908 records...
PS>TerminatingError(Invoke-WebRequest): "The remote server returned an error: (404) Not Found."
PS>TerminatingError(Invoke-WebRequest): "The remote server returned an error: (404) Not Found."
PS>TerminatingError(Invoke-WebRequest): "The remote server returned an error: (404) Not Found."
PS>TerminatingError(Invoke-WebRequest): "The remote server returned an error: (404) Not Found."
PS>TerminatingError(Invoke-WebRequest): "The remote server returned an error: (404) Not Found."
PS>TerminatingError(Invoke-WebRequest): "The remote server returned an error: (404) Not Found."
PS>TerminatingError(Invoke-WebRequest): "The remote server returned an error: (404) Not Found."
PS>TerminatingError(Invoke-WebRequest): "The remote server returned an error: (404) Not Found."
PS>TerminatingError(Invoke-WebRequest): "The remote server returned an error: (404) Not Found."
PS>TerminatingError(Invoke-WebRequest): "The remote server returned an error: (404) Not Found."
PS>TerminatingError(Invoke-WebRequest): "The remote server returned an error: (404) Not Found."
PS>TerminatingError(Invoke-WebRequest): "The remote server returned an error: (404) Not Found."
PS>TerminatingError(Invoke-WebRequest): "The remote server returned an error: (404) Not Found."
PS>TerminatingError(Invoke-WebRequest): "The remote server returned an error: (404) Not Found."
PS>TerminatingError(Invoke-WebRequest): "The remote server returned an error: (404) Not Found."
PS>TerminatingError(Invoke-WebRequest): "The remote server returned an error: (404) Not Found."
PS>TerminatingError(Invoke-WebRequest): "The remote server returned an error: (404) Not Found."
PS>TerminatingError(Invoke-WebRequest): "The remote server returned an error: (404) Not Found."
PS>TerminatingError(Invoke-WebRequest): "The remote server returned an error: (404) Not Found."
PS>TerminatingError(Invoke-WebRequest): "The remote server returned an error: (404) Not Found."
PS>TerminatingError(Invoke-WebRequest): "The remote server returned an error: (404) Not Found."
PS>TerminatingError(Invoke-WebRequest): "The remote server returned an error: (404) Not Found."
PS>TerminatingError(Invoke-WebRequest): "The remote server returned an error: (404) Not Found."
PS>TerminatingError(Invoke-WebRequest): "The remote server returned an error: (404) Not Found."
PS>TerminatingError(Invoke-WebRequest): "The remote server returned an error: (404) Not Found."
PS>TerminatingError(Invoke-WebRequest): "The remote server returned an error: (404) Not Found."
PS>TerminatingError(Invoke-WebRequest): "The remote server returned an error: (404) Not Found."
PS>TerminatingError(Invoke-WebRequest): "The remote server returned an error: (404) Not Found."
PS>TerminatingError(Invoke-WebRequest): "The remote server returned an error: (404) Not Found."
PS>TerminatingError(Invoke-WebRequest): "The remote server returned an error: (404) Not Found."
PS>TerminatingError(Invoke-WebRequest): "The remote server returned an error: (404) Not Found."
PS>TerminatingError(Invoke-WebRequest): "The remote server returned an error: (404) Not Found."
Cached icons for 525 of 908 records...
PS>TerminatingError(Invoke-WebRequest): "The remote server returned an error: (404) Not Found."
PS>TerminatingError(Invoke-WebRequest): "The remote server returned an error: (404) Not Found."
PS>TerminatingError(Invoke-WebRequest): "The remote server returned an error: (404) Not Found."
PS>TerminatingError(Invoke-WebRequest): "The remote server returned an error: (404) Not Found."
PS>TerminatingError(Invoke-WebRequest): "The remote server returned an error: (404) Not Found."
PS>TerminatingError(Invoke-WebRequest): "The remote server returned an error: (404) Not Found."
Cached icons for 550 of 908 records...
PS>TerminatingError(Invoke-WebRequest): "The remote server returned an error: (404) Not Found."
PS>TerminatingError(Invoke-WebRequest): "The remote server returned an error: (404) Not Found."
Cached icons for 575 of 908 records...
Cached icons for 600 of 908 records...
PS>TerminatingError(Invoke-WebRequest): "The remote server returned an error: (404) Not Found."
PS>TerminatingError(Invoke-WebRequest): "The remote server returned an error: (404) Not Found."
PS>TerminatingError(Invoke-WebRequest): "The remote server returned an error: (404) Not Found."
PS>TerminatingError(Invoke-WebRequest): "The remote server returned an error: (404) Not Found."
PS>TerminatingError(Invoke-WebRequest): "The remote server returned an error: (404) Not Found."
PS>TerminatingError(Invoke-WebRequest): "The remote server returned an error: (404) Not Found."
PS>TerminatingError(Invoke-WebRequest): "The remote server returned an error: (404) Not Found."
PS>TerminatingError(Invoke-WebRequest): "The remote server returned an error: (404) Not Found."
PS>TerminatingError(Invoke-WebRequest): "The remote server returned an error: (404) Not Found."
PS>TerminatingError(Invoke-WebRequest): "The remote server returned an error: (404) Not Found."
PS>TerminatingError(Invoke-WebRequest): "The remote server returned an error: (404) Not Found."
PS>TerminatingError(Invoke-WebRequest): "The remote server returned an error: (404) Not Found."
PS>TerminatingError(Invoke-WebRequest): "The remote server returned an error: (404) Not Found."
PS>TerminatingError(Invoke-WebRequest): "The remote server returned an error: (404) Not Found."
PS>TerminatingError(Invoke-WebRequest): "The remote server returned an error: (404) Not Found."
PS>TerminatingError(Invoke-WebRequest): "The remote server returned an error: (404) Not Found."
PS>TerminatingError(Invoke-WebRequest): "The remote server returned an error: (404) Not Found."
PS>TerminatingError(Invoke-WebRequest): "The remote server returned an error: (404) Not Found."
PS>TerminatingError(Invoke-WebRequest): "The remote server returned an error: (404) Not Found."
PS>TerminatingError(Invoke-WebRequest): "The remote server returned an error: (404) Not Found."
PS>TerminatingError(Invoke-WebRequest): "The remote server returned an error: (404) Not Found."
PS>TerminatingError(Invoke-WebRequest): "The remote server returned an error: (404) Not Found."
PS>TerminatingError(Invoke-WebRequest): "The remote server returned an error: (404) Not Found."
PS>TerminatingError(Invoke-WebRequest): "The remote server returned an error: (404) Not Found."
Cached icons for 625 of 908 records...
PS>TerminatingError(Invoke-WebRequest): "The remote server returned an error: (404) Not Found."
PS>TerminatingError(Invoke-WebRequest): "The remote server returned an error: (404) Not Found."
PS>TerminatingError(Invoke-WebRequest): "The remote server returned an error: (404) Not Found."
PS>TerminatingError(Invoke-WebRequest): "The remote server returned an error: (404) Not Found."
PS>TerminatingError(Invoke-WebRequest): "The remote server returned an error: (404) Not Found."
PS>TerminatingError(Invoke-WebRequest): "The remote server returned an error: (404) Not Found."
PS>TerminatingError(Invoke-WebRequest): "The remote server returned an error: (404) Not Found."
PS>TerminatingError(Invoke-WebRequest): "The remote server returned an error: (404) Not Found."
PS>TerminatingError(Invoke-WebRequest): "The remote server returned an error: (404) Not Found."
PS>TerminatingError(Invoke-WebRequest): "The remote server returned an error: (404) Not Found."
PS>TerminatingError(Invoke-WebRequest): "The remote server returned an error: (404) Not Found."
PS>TerminatingError(Invoke-WebRequest): "The remote server returned an error: (404) Not Found."
PS>TerminatingError(Invoke-WebRequest): "The remote server returned an error: (404) Not Found."
PS>TerminatingError(Invoke-WebRequest): "The remote server returned an error: (404) Not Found."
Cached icons for 650 of 908 records...
PS>TerminatingError(Invoke-WebRequest): "The remote server returned an error: (404) Not Found."
PS>TerminatingError(Invoke-WebRequest): "The remote server returned an error: (404) Not Found."
PS>TerminatingError(Invoke-WebRequest): "The remote server returned an error: (404) Not Found."
PS>TerminatingError(Invoke-WebRequest): "The remote server returned an error: (404) Not Found."
PS>TerminatingError(Invoke-WebRequest): "The remote server returned an error: (404) Not Found."
PS>TerminatingError(Invoke-WebRequest): "The remote server returned an error: (404) Not Found."
PS>TerminatingError(Invoke-WebRequest): "The remote server returned an error: (404) Not Found."
PS>TerminatingError(Invoke-WebRequest): "The remote server returned an error: (404) Not Found."
PS>TerminatingError(Invoke-WebRequest): "The remote server returned an error: (404) Not Found."
PS>TerminatingError(Invoke-WebRequest): "The remote server returned an error: (404) Not Found."
PS>TerminatingError(Invoke-WebRequest): "The remote server returned an error: (404) Not Found."
PS>TerminatingError(Invoke-WebRequest): "The remote server returned an error: (404) Not Found."
PS>TerminatingError(Invoke-WebRequest): "The remote server returned an error: (404) Not Found."
PS>TerminatingError(Invoke-WebRequest): "The remote server returned an error: (404) Not Found."
PS>TerminatingError(Invoke-WebRequest): "The remote server returned an error: (404) Not Found."
PS>TerminatingError(Invoke-WebRequest): "The remote server returned an error: (404) Not Found."
PS>TerminatingError(Invoke-WebRequest): "The remote server returned an error: (404) Not Found."
PS>TerminatingError(Invoke-WebRequest): "The remote server returned an error: (404) Not Found."
PS>TerminatingError(Invoke-WebRequest): "The remote server returned an error: (404) Not Found."
PS>TerminatingError(Invoke-WebRequest): "The remote server returned an error: (404) Not Found."
PS>TerminatingError(Invoke-WebRequest): "The remote server returned an error: (404) Not Found."
PS>TerminatingError(Invoke-WebRequest): "The remote server returned an error: (404) Not Found."
PS>TerminatingError(Invoke-WebRequest): "The remote server returned an error: (404) Not Found."
PS>TerminatingError(Invoke-WebRequest): "The remote server returned an error: (404) Not Found."
PS>TerminatingError(Invoke-WebRequest): "The remote server returned an error: (404) Not Found."
PS>TerminatingError(Invoke-WebRequest): "The remote server returned an error: (404) Not Found."
PS>TerminatingError(Invoke-WebRequest): "The remote server returned an error: (404) Not Found."
PS>TerminatingError(Invoke-WebRequest): "The remote server returned an error: (404) Not Found."
PS>TerminatingError(Invoke-WebRequest): "The remote server returned an error: (404) Not Found."
PS>TerminatingError(Invoke-WebRequest): "The remote server returned an error: (404) Not Found."
PS>TerminatingError(Invoke-WebRequest): "The remote server returned an error: (404) Not Found."
PS>TerminatingError(Invoke-WebRequest): "The remote server returned an error: (404) Not Found."
PS>TerminatingError(Invoke-WebRequest): "The remote server returned an error: (404) Not Found."
PS>TerminatingError(Invoke-WebRequest): "The remote server returned an error: (404) Not Found."
PS>TerminatingError(Invoke-WebRequest): "The remote server returned an error: (404) Not Found."
PS>TerminatingError(Invoke-WebRequest): "The remote server returned an error: (404) Not Found."
PS>TerminatingError(Invoke-WebRequest): "The remote server returned an error: (404) Not Found."
PS>TerminatingError(Invoke-WebRequest): "The remote server returned an error: (404) Not Found."
PS>TerminatingError(Invoke-WebRequest): "The remote server returned an error: (404) Not Found."
PS>TerminatingError(Invoke-WebRequest): "The remote server returned an error: (404) Not Found."
PS>TerminatingError(Invoke-WebRequest): "The remote server returned an error: (404) Not Found."
PS>TerminatingError(Invoke-WebRequest): "The remote server returned an error: (404) Not Found."
PS>TerminatingError(Invoke-WebRequest): "The remote server returned an error: (404) Not Found."
PS>TerminatingError(Invoke-WebRequest): "The remote server returned an error: (404) Not Found."
Cached icons for 675 of 908 records...
PS>TerminatingError(Invoke-WebRequest): "The remote server returned an error: (404) Not Found."
PS>TerminatingError(Invoke-WebRequest): "The remote server returned an error: (404) Not Found."
PS>TerminatingError(Invoke-WebRequest): "The remote server returned an error: (404) Not Found."
PS>TerminatingError(Invoke-WebRequest): "The remote server returned an error: (404) Not Found."
PS>TerminatingError(Invoke-WebRequest): "The remote server returned an error: (404) Not Found."
PS>TerminatingError(Invoke-WebRequest): "The remote server returned an error: (404) Not Found."
PS>TerminatingError(Invoke-WebRequest): "The remote server returned an error: (404) Not Found."
PS>TerminatingError(Invoke-WebRequest): "The remote server returned an error: (404) Not Found."
PS>TerminatingError(Invoke-WebRequest): "The remote server returned an error: (404) Not Found."
PS>TerminatingError(Invoke-WebRequest): "The remote server returned an error: (404) Not Found."
PS>TerminatingError(Invoke-WebRequest): "The remote server returned an error: (404) Not Found."
PS>TerminatingError(Invoke-WebRequest): "The remote server returned an error: (404) Not Found."
PS>TerminatingError(Invoke-WebRequest): "The remote server returned an error: (404) Not Found."
PS>TerminatingError(Invoke-WebRequest): "The remote server returned an error: (404) Not Found."
PS>TerminatingError(Invoke-WebRequest): "The remote server returned an error: (404) Not Found."
PS>TerminatingError(Invoke-WebRequest): "The remote server returned an error: (404) Not Found."
PS>TerminatingError(Invoke-WebRequest): "The remote server returned an error: (404) Not Found."
PS>TerminatingError(Invoke-WebRequest): "The remote server returned an error: (404) Not Found."
PS>TerminatingError(Invoke-WebRequest): "The remote server returned an error: (404) Not Found."
PS>TerminatingError(Invoke-WebRequest): "The remote server returned an error: (404) Not Found."
PS>TerminatingError(Invoke-WebRequest): "The remote server returned an error: (404) Not Found."
PS>TerminatingError(Invoke-WebRequest): "The remote server returned an error: (404) Not Found."
PS>TerminatingError(Invoke-WebRequest): "The remote server returned an error: (404) Not Found."
PS>TerminatingError(Invoke-WebRequest): "The remote server returned an error: (404) Not Found."
PS>TerminatingError(Invoke-WebRequest): "The remote server returned an error: (404) Not Found."
PS>TerminatingError(Invoke-WebRequest): "The remote server returned an error: (404) Not Found."
Cached icons for 700 of 908 records...
PS>TerminatingError(Invoke-WebRequest): "The remote server returned an error: (404) Not Found."
PS>TerminatingError(Invoke-WebRequest): "The remote server returned an error: (404) Not Found."
PS>TerminatingError(Invoke-WebRequest): "The remote server returned an error: (404) Not Found."
PS>TerminatingError(Invoke-WebRequest): "The remote server returned an error: (404) Not Found."
PS>TerminatingError(Invoke-WebRequest): "The remote server returned an error: (404) Not Found."
PS>TerminatingError(Invoke-WebRequest): "The remote server returned an error: (404) Not Found."
PS>TerminatingError(Invoke-WebRequest): "The remote server returned an error: (404) Not Found."
PS>TerminatingError(Invoke-WebRequest): "The remote server returned an error: (404) Not Found."
PS>TerminatingError(Invoke-WebRequest): "The remote server returned an error: (404) Not Found."
PS>TerminatingError(Invoke-WebRequest): "The remote server returned an error: (404) Not Found."
PS>TerminatingError(Invoke-WebRequest): "The remote server returned an error: (404) Not Found."
PS>TerminatingError(Invoke-WebRequest): "The remote server returned an error: (404) Not Found."
PS>TerminatingError(Invoke-WebRequest): "The remote server returned an error: (404) Not Found."
PS>TerminatingError(Invoke-WebRequest): "The remote server returned an error: (404) Not Found."
PS>TerminatingError(Invoke-WebRequest): "The remote server returned an error: (404) Not Found."
PS>TerminatingError(Invoke-WebRequest): "The remote server returned an error: (404) Not Found."
PS>TerminatingError(Invoke-WebRequest): "The remote server returned an error: (404) Not Found."
PS>TerminatingError(Invoke-WebRequest): "The remote server returned an error: (404) Not Found."
PS>TerminatingError(Invoke-WebRequest): "The remote server returned an error: (404) Not Found."
PS>TerminatingError(Invoke-WebRequest): "The remote server returned an error: (404) Not Found."
PS>TerminatingError(Invoke-WebRequest): "The remote server returned an error: (404) Not Found."
PS>TerminatingError(Invoke-WebRequest): "The remote server returned an error: (404) Not Found."
Cached icons for 725 of 908 records...
PS>TerminatingError(Invoke-WebRequest): "The remote server returned an error: (404) Not Found."
PS>TerminatingError(Invoke-WebRequest): "The remote server returned an error: (404) Not Found."
PS>TerminatingError(Invoke-WebRequest): "The remote server returned an error: (404) Not Found."
PS>TerminatingError(Invoke-WebRequest): "The remote server returned an error: (404) Not Found."
PS>TerminatingError(Invoke-WebRequest): "The remote server returned an error: (404) Not Found."
PS>TerminatingError(Invoke-WebRequest): "The remote server returned an error: (404) Not Found."
PS>TerminatingError(Invoke-WebRequest): "The remote server returned an error: (404) Not Found."
PS>TerminatingError(Invoke-WebRequest): "The remote server returned an error: (404) Not Found."
PS>TerminatingError(Invoke-WebRequest): "The remote server returned an error: (404) Not Found."
PS>TerminatingError(Invoke-WebRequest): "The remote server returned an error: (404) Not Found."
PS>TerminatingError(Invoke-WebRequest): "The remote server returned an error: (404) Not Found."
PS>TerminatingError(Invoke-WebRequest): "The remote server returned an error: (404) Not Found."
PS>TerminatingError(Invoke-WebRequest): "The remote server returned an error: (404) Not Found."
PS>TerminatingError(Invoke-WebRequest): "The remote server returned an error: (404) Not Found."
PS>TerminatingError(Invoke-WebRequest): "The remote server returned an error: (404) Not Found."
PS>TerminatingError(Invoke-WebRequest): "The remote server returned an error: (404) Not Found."
PS>TerminatingError(Invoke-WebRequest): "The remote server returned an error: (404) Not Found."
PS>TerminatingError(Invoke-WebRequest): "The remote server returned an error: (404) Not Found."
PS>TerminatingError(Invoke-WebRequest): "The remote server returned an error: (404) Not Found."
PS>TerminatingError(Invoke-WebRequest): "The remote server returned an error: (404) Not Found."
PS>TerminatingError(Invoke-WebRequest): "The remote server returned an error: (404) Not Found."
PS>TerminatingError(Invoke-WebRequest): "The remote server returned an error: (404) Not Found."
PS>TerminatingError(Invoke-WebRequest): "The remote server returned an error: (404) Not Found."
PS>TerminatingError(Invoke-WebRequest): "The remote server returned an error: (404) Not Found."
PS>TerminatingError(Invoke-WebRequest): "The remote server returned an error: (404) Not Found."
PS>TerminatingError(Invoke-WebRequest): "The remote server returned an error: (404) Not Found."
PS>TerminatingError(Invoke-WebRequest): "The remote server returned an error: (404) Not Found."
PS>TerminatingError(Invoke-WebRequest): "The remote server returned an error: (404) Not Found."
PS>TerminatingError(Invoke-WebRequest): "The remote server returned an error: (404) Not Found."
PS>TerminatingError(Invoke-WebRequest): "The remote server returned an error: (404) Not Found."
PS>TerminatingError(Invoke-WebRequest): "The remote server returned an error: (404) Not Found."
PS>TerminatingError(Invoke-WebRequest): "The remote server returned an error: (404) Not Found."
PS>TerminatingError(Invoke-WebRequest): "The remote server returned an error: (404) Not Found."
PS>TerminatingError(Invoke-WebRequest): "The remote server returned an error: (404) Not Found."
Cached icons for 750 of 908 records...
PS>TerminatingError(Invoke-WebRequest): "The remote server returned an error: (404) Not Found."
PS>TerminatingError(Invoke-WebRequest): "The remote server returned an error: (404) Not Found."
PS>TerminatingError(Invoke-WebRequest): "The remote server returned an error: (404) Not Found."
PS>TerminatingError(Invoke-WebRequest): "The remote server returned an error: (404) Not Found."
PS>TerminatingError(Invoke-WebRequest): "The remote server returned an error: (404) Not Found."
PS>TerminatingError(Invoke-WebRequest): "The remote server returned an error: (404) Not Found."
PS>TerminatingError(Invoke-WebRequest): "The remote server returned an error: (404) Not Found."
PS>TerminatingError(Invoke-WebRequest): "The remote server returned an error: (404) Not Found."
PS>TerminatingError(Invoke-WebRequest): "The remote server returned an error: (404) Not Found."
PS>TerminatingError(Invoke-WebRequest): "The remote server returned an error: (404) Not Found."
PS>TerminatingError(Invoke-WebRequest): "The remote server returned an error: (404) Not Found."
PS>TerminatingError(Invoke-WebRequest): "The remote server returned an error: (404) Not Found."
PS>TerminatingError(Invoke-WebRequest): "The remote server returned an error: (404) Not Found."
PS>TerminatingError(Invoke-WebRequest): "The remote server returned an error: (404) Not Found."
PS>TerminatingError(Invoke-WebRequest): "The remote server returned an error: (404) Not Found."
PS>TerminatingError(Invoke-WebRequest): "The remote server returned an error: (404) Not Found."
PS>TerminatingError(Invoke-WebRequest): "The remote server returned an error: (404) Not Found."
PS>TerminatingError(Invoke-WebRequest): "The remote server returned an error: (404) Not Found."
PS>TerminatingError(Invoke-WebRequest): "The remote server returned an error: (404) Not Found."
PS>TerminatingError(Invoke-WebRequest): "The remote server returned an error: (404) Not Found."
PS>TerminatingError(Invoke-WebRequest): "The remote server returned an error: (404) Not Found."
PS>TerminatingError(Invoke-WebRequest): "The remote server returned an error: (404) Not Found."
PS>TerminatingError(Invoke-WebRequest): "The remote server returned an error: (404) Not Found."
PS>TerminatingError(Invoke-WebRequest): "The remote server returned an error: (404) Not Found."
PS>TerminatingError(Invoke-WebRequest): "The remote server returned an error: (404) Not Found."
PS>TerminatingError(Invoke-WebRequest): "The remote server returned an error: (404) Not Found."
PS>TerminatingError(Invoke-WebRequest): "The remote server returned an error: (404) Not Found."
PS>TerminatingError(Invoke-WebRequest): "The remote server returned an error: (404) Not Found."
Cached icons for 775 of 908 records...
PS>TerminatingError(Invoke-WebRequest): "The remote server returned an error: (404) Not Found."
PS>TerminatingError(Invoke-WebRequest): "The remote server returned an error: (404) Not Found."
PS>TerminatingError(Invoke-WebRequest): "The remote server returned an error: (404) Not Found."
PS>TerminatingError(Invoke-WebRequest): "The remote server returned an error: (404) Not Found."
PS>TerminatingError(Invoke-WebRequest): "The remote server returned an error: (404) Not Found."
PS>TerminatingError(Invoke-WebRequest): "The remote server returned an error: (404) Not Found."
Cached icons for 800 of 908 records...
PS>TerminatingError(Invoke-WebRequest): "The remote server returned an error: (404) Not Found."
PS>TerminatingError(Invoke-WebRequest): "The remote server returned an error: (404) Not Found."
PS>TerminatingError(Invoke-WebRequest): "The remote server returned an error: (404) Not Found."
PS>TerminatingError(Invoke-WebRequest): "The remote server returned an error: (404) Not Found."
PS>TerminatingError(Invoke-WebRequest): "The remote server returned an error: (404) Not Found."
PS>TerminatingError(Invoke-WebRequest): "The remote server returned an error: (404) Not Found."
PS>TerminatingError(Invoke-WebRequest): "The remote server returned an error: (404) Not Found."
PS>TerminatingError(Invoke-WebRequest): "The remote server returned an error: (404) Not Found."
PS>TerminatingError(Invoke-WebRequest): "The remote server returned an error: (404) Not Found."
PS>TerminatingError(Invoke-WebRequest): "The remote server returned an error: (404) Not Found."
PS>TerminatingError(Invoke-WebRequest): "The remote server returned an error: (404) Not Found."
PS>TerminatingError(Invoke-WebRequest): "The remote server returned an error: (404) Not Found."
PS>TerminatingError(Invoke-WebRequest): "The remote server returned an error: (404) Not Found."
PS>TerminatingError(Invoke-WebRequest): "The remote server returned an error: (404) Not Found."
PS>TerminatingError(Invoke-WebRequest): "The remote server returned an error: (404) Not Found."
PS>TerminatingError(Invoke-WebRequest): "The remote server returned an error: (404) Not Found."
Cached icons for 825 of 908 records...
PS>TerminatingError(Invoke-WebRequest): "The remote server returned an error: (404) Not Found."
PS>TerminatingError(Invoke-WebRequest): "The remote server returned an error: (404) Not Found."
PS>TerminatingError(Invoke-WebRequest): "The remote server returned an error: (404) Not Found."
PS>TerminatingError(Invoke-WebRequest): "The remote server returned an error: (404) Not Found."
PS>TerminatingError(Invoke-WebRequest): "The remote server returned an error: (404) Not Found."
PS>TerminatingError(Invoke-WebRequest): "The remote server returned an error: (404) Not Found."
PS>TerminatingError(Invoke-WebRequest): "The remote server returned an error: (404) Not Found."
PS>TerminatingError(Invoke-WebRequest): "The remote server returned an error: (404) Not Found."
PS>TerminatingError(Invoke-WebRequest): "The remote server returned an error: (404) Not Found."
PS>TerminatingError(Invoke-WebRequest): "The remote server returned an error: (404) Not Found."
PS>TerminatingError(Invoke-WebRequest): "The remote server returned an error: (404) Not Found."
PS>TerminatingError(Invoke-WebRequest): "The remote server returned an error: (404) Not Found."
PS>TerminatingError(Invoke-WebRequest): "The remote server returned an error: (404) Not Found."
PS>TerminatingError(Invoke-WebRequest): "The remote server returned an error: (404) Not Found."
PS>TerminatingError(Invoke-WebRequest): "The remote server returned an error: (404) Not Found."
PS>TerminatingError(Invoke-WebRequest): "The remote server returned an error: (404) Not Found."
PS>TerminatingError(Invoke-WebRequest): "The remote server returned an error: (404) Not Found."
PS>TerminatingError(Invoke-WebRequest): "The remote server returned an error: (404) Not Found."
PS>TerminatingError(Invoke-WebRequest): "The remote server returned an error: (404) Not Found."
PS>TerminatingError(Invoke-WebRequest): "The remote server returned an error: (404) Not Found."
PS>TerminatingError(Invoke-WebRequest): "The remote server returned an error: (404) Not Found."
PS>TerminatingError(Invoke-WebRequest): "The remote server returned an error: (404) Not Found."
PS>TerminatingError(Invoke-WebRequest): "The remote server returned an error: (404) Not Found."
PS>TerminatingError(Invoke-WebRequest): "The remote server returned an error: (404) Not Found."
PS>TerminatingError(Invoke-WebRequest): "The remote server returned an error: (404) Not Found."
PS>TerminatingError(Invoke-WebRequest): "The remote server returned an error: (404) Not Found."
PS>TerminatingError(Invoke-WebRequest): "The remote server returned an error: (404) Not Found."
PS>TerminatingError(Invoke-WebRequest): "The remote server returned an error: (404) Not Found."
PS>TerminatingError(Invoke-WebRequest): "The remote server returned an error: (404) Not Found."
PS>TerminatingError(Invoke-WebRequest): "The remote server returned an error: (404) Not Found."
Cached icons for 850 of 908 records...
PS>TerminatingError(Invoke-WebRequest): "The remote server returned an error: (404) Not Found."
PS>TerminatingError(Invoke-WebRequest): "The remote server returned an error: (404) Not Found."
PS>TerminatingError(Invoke-WebRequest): "The remote server returned an error: (404) Not Found."
PS>TerminatingError(Invoke-WebRequest): "The remote server returned an error: (404) Not Found."
Cached icons for 875 of 908 records...
PS>TerminatingError(Invoke-WebRequest): "The remote server returned an error: (404) Not Found."
PS>TerminatingError(Invoke-WebRequest): "The remote server returned an error: (404) Not Found."
PS>TerminatingError(Invoke-WebRequest): "The remote server returned an error: (404) Not Found."
PS>TerminatingError(Invoke-WebRequest): "The remote server returned an error: (404) Not Found."
PS>TerminatingError(Invoke-WebRequest): "The remote server returned an error: (404) Not Found."
PS>TerminatingError(Invoke-WebRequest): "The remote server returned an error: (404) Not Found."
PS>TerminatingError(Invoke-WebRequest): "The remote server returned an error: (404) Not Found."
PS>TerminatingError(Invoke-WebRequest): "The remote server returned an error: (404) Not Found."
PS>TerminatingError(Invoke-WebRequest): "The remote server returned an error: (404) Not Found."
PS>TerminatingError(Invoke-WebRequest): "The remote server returned an error: (404) Not Found."
PS>TerminatingError(Invoke-WebRequest): "The remote server returned an error: (404) Not Found."
PS>TerminatingError(Invoke-WebRequest): "The remote server returned an error: (404) Not Found."
PS>TerminatingError(Invoke-WebRequest): "The remote server returned an error: (404) Not Found."
PS>TerminatingError(Invoke-WebRequest): "The remote server returned an error: (404) Not Found."
PS>TerminatingError(Invoke-WebRequest): "The remote server returned an error: (404) Not Found."
PS>TerminatingError(Invoke-WebRequest): "The remote server returned an error: (404) Not Found."
PS>TerminatingError(Invoke-WebRequest): "The remote server returned an error: (404) Not Found."
PS>TerminatingError(Invoke-WebRequest): "The remote server returned an error: (404) Not Found."
PS>TerminatingError(Invoke-WebRequest): "The remote server returned an error: (404) Not Found."
PS>TerminatingError(Invoke-WebRequest): "The remote server returned an error: (404) Not Found."
PS>TerminatingError(Invoke-WebRequest): "The remote server returned an error: (404) Not Found."
PS>TerminatingError(Invoke-WebRequest): "The remote server returned an error: (404) Not Found."
PS>TerminatingError(Invoke-WebRequest): "The remote server returned an error: (404) Not Found."
PS>TerminatingError(Invoke-WebRequest): "The remote server returned an error: (404) Not Found."
PS>TerminatingError(Invoke-WebRequest): "The remote server returned an error: (404) Not Found."
PS>TerminatingError(Invoke-WebRequest): "The remote server returned an error: (404) Not Found."
PS>TerminatingError(Invoke-WebRequest): "The remote server returned an error: (404) Not Found."
PS>TerminatingError(Invoke-WebRequest): "The remote server returned an error: (404) Not Found."
PS>TerminatingError(Invoke-WebRequest): "The remote server returned an error: (404) Not Found."
PS>TerminatingError(Invoke-WebRequest): "The remote server returned an error: (404) Not Found."
PS>TerminatingError(Invoke-WebRequest): "The remote server returned an error: (404) Not Found."
PS>TerminatingError(Invoke-WebRequest): "The remote server returned an error: (404) Not Found."
PS>TerminatingError(Invoke-WebRequest): "The remote server returned an error: (404) Not Found."
PS>TerminatingError(Invoke-WebRequest): "The remote server returned an error: (404) Not Found."
PS>TerminatingError(Invoke-WebRequest): "The remote server returned an error: (404) Not Found."
PS>TerminatingError(Invoke-WebRequest): "The remote server returned an error: (404) Not Found."
PS>TerminatingError(Invoke-WebRequest): "The remote server returned an error: (404) Not Found."
PS>TerminatingError(Invoke-WebRequest): "The remote server returned an error: (404) Not Found."
PS>TerminatingError(Invoke-WebRequest): "The remote server returned an error: (404) Not Found."
PS>TerminatingError(Invoke-WebRequest): "The remote server returned an error: (404) Not Found."
PS>TerminatingError(Invoke-WebRequest): "The remote server returned an error: (404) Not Found."
PS>TerminatingError(Invoke-WebRequest): "The remote server returned an error: (404) Not Found."
Cached icons for 900 of 908 records...
PS>TerminatingError(Invoke-WebRequest): "The remote server returned an error: (404) Not Found."
PS>TerminatingError(Invoke-WebRequest): "The remote server returned an error: (404) Not Found."
PS>TerminatingError(Invoke-WebRequest): "The remote server returned an error: (404) Not Found."
PS>TerminatingError(Invoke-WebRequest): "The remote server returned an error: (404) Not Found."
PS>TerminatingError(Invoke-WebRequest): "The remote server returned an error: (404) Not Found."
PS>TerminatingError(Invoke-WebRequest): "The remote server returned an error: (404) Not Found."
PS>TerminatingError(Invoke-WebRequest): "The remote server returned an error: (404) Not Found."
PS>TerminatingError(Invoke-WebRequest): "The remote server returned an error: (404) Not Found."
PS>TerminatingError(Invoke-WebRequest): "The remote server returned an error: (404) Not Found."
PS>TerminatingError(Invoke-WebRequest): "The remote server returned an error: (404) Not Found."
PS>TerminatingError(Invoke-WebRequest): "The remote server returned an error: (404) Not Found."
PS>TerminatingError(Invoke-WebRequest): "The remote server returned an error: (404) Not Found."
PS>TerminatingError(Invoke-WebRequest): "The remote server returned an error: (404) Not Found."
PS>TerminatingError(Invoke-WebRequest): "The remote server returned an error: (404) Not Found."
PS>TerminatingError(Invoke-WebRequest): "The remote server returned an error: (404) Not Found."
PS>TerminatingError(Invoke-WebRequest): "The remote server returned an error: (404) Not Found."
Cached icons for 908 of 908 records...
sqlite3.exe not bundled; SQL import script created for optional SQLite generation.

SUCCESS: Published 908 verified items.
Database: E:\Downloads\Aegis\Aegis-Palworld-Suite-2.3.0-Full-Paldeck-Importer\Aegis-Palworld-Suite-2.3.0-Full-Paldeck-Importer\Database\items.json
Audit:    E:\Downloads\Aegis\Aegis-Palworld-Suite-2.3.0-Full-Paldeck-Importer\Aegis-Palworld-Suite-2.3.0-Full-Paldeck-Importer\Database\Palworld-Database-Audit.txt
**********************
Windows PowerShell transcript end
End time: 20260722154928
**********************
